C:\Users\slohar\.gemini\antigravity\scratch\QADeviceTool\src\QADeviceTool.App\Views\DashboardView.xaml(39,30): error MC3024: 'System.Windows.Controls.TextBlock.Style' property has already been set and can be set only once. Line 39 Position 30. [C:\Users\slohar\.gemini\antigravity\scratch\QADeviceTool\src\QADeviceTool.App\QADeviceTool.App.csproj]
C:\Users\slohar\.gemini\antigravity\scratch\QADeviceTool\src\QADeviceTool.App\Views\DeviceView.xaml(26,26): error MC3024: 'System.Windows.Controls.TextBlock.Style' property has already been set and can be set only once. Line 26 Position 26. [C:\Users\slohar\.gemini\antigravity\scratch\QADeviceTool\src\QADeviceTool.App\QADeviceTool.App.csproj]

Build FAILED.

C:\Users\slohar\.gemini\antigravity\scratch\QADeviceTool\src\QADeviceTool.App\Views\DashboardView.xaml(39,30): error MC3024: 'System.Windows.Controls.TextBlock.Style' property has already been set and can be set only once. Line 39 Position 30. [C:\Users\slohar\.gemini\antigravity\scratch\QADeviceTool\src\QADeviceTool.App\QADeviceTool.App.csproj]
C:\Users\slohar\.gemini\antigravity\scratch\QADeviceTool\src\QADeviceTool.App\Views\DeviceView.xaml(26,26): error MC3024: 'System.Windows.Controls.TextBlock.Style' property has already been set and can be set only once. Line 26 Position 26. [C:\Users\slohar\.gemini\antigravity\scratch\QADeviceTool\src\QADeviceTool.App\QADeviceTool.App.csproj]
    0 Warning(s)
    2 Error(s)

Time Elapsed 00:00:00.74
