  Determining projects to restore...
  All projects are up-to-date for restore.
C:\Users\slohar\.gemini\antigravity\scratch\QADeviceTool\src\QADeviceTool.App\Helpers\PathHelper.cs(14,16): error CS0103: The name 'Path' does not exist in the current context [C:\Users\slohar\.gemini\antigravity\scratch\QADeviceTool\src\QADeviceTool.App\QADeviceTool.App_5vyzwn3z_wpftmp.csproj]
C:\Users\slohar\.gemini\antigravity\scratch\QADeviceTool\src\QADeviceTool.App\Helpers\PathHelper.cs(23,14): error CS0103: The name 'Directory' does not exist in the current context [C:\Users\slohar\.gemini\antigravity\scratch\QADeviceTool\src\QADeviceTool.App\QADeviceTool.App_5vyzwn3z_wpftmp.csproj]
C:\Users\slohar\.gemini\antigravity\scratch\QADeviceTool\src\QADeviceTool.App\Helpers\PathHelper.cs(25,13): error CS0103: The name 'Directory' does not exist in the current context [C:\Users\slohar\.gemini\antigravity\scratch\QADeviceTool\src\QADeviceTool.App\QADeviceTool.App_5vyzwn3z_wpftmp.csproj]
C:\Users\slohar\.gemini\antigravity\scratch\QADeviceTool\src\QADeviceTool.App\Helpers\PathHelper.cs(37,24): error CS0103: The name 'Path' does not exist in the current context [C:\Users\slohar\.gemini\antigravity\scratch\QADeviceTool\src\QADeviceTool.App\QADeviceTool.App_5vyzwn3z_wpftmp.csproj]
C:\Users\slohar\.gemini\antigravity\scratch\QADeviceTool\src\QADeviceTool.App\Helpers\PathHelper.cs(38,9): error CS0103: The name 'Directory' does not exist in the current context [C:\Users\slohar\.gemini\antigravity\scratch\QADeviceTool\src\QADeviceTool.App\QADeviceTool.App_5vyzwn3z_wpftmp.csproj]
C:\Users\slohar\.gemini\antigravity\scratch\QADeviceTool\src\QADeviceTool.App\Helpers\PathHelper.cs(48,35): error CS0103: The name 'Path' does not exist in the current context [C:\Users\slohar\.gemini\antigravity\scratch\QADeviceTool\src\QADeviceTool.App\QADeviceTool.App_5vyzwn3z_wpftmp.csproj]
C:\Users\slohar\.gemini\antigravity\scratch\QADeviceTool\src\QADeviceTool.App\Helpers\PathHelper.cs(52,28): error CS0103: The name 'Path' does not exist in the current context [C:\Users\slohar\.gemini\antigravity\scratch\QADeviceTool\src\QADeviceTool.App\QADeviceTool.App_5vyzwn3z_wpftmp.csproj]
C:\Users\slohar\.gemini\antigravity\scratch\QADeviceTool\src\QADeviceTool.App\Helpers\PathHelper.cs(53,17): error CS0103: The name 'File' does not exist in the current context [C:\Users\slohar\.gemini\antigravity\scratch\QADeviceTool\src\QADeviceTool.App\QADeviceTool.App_5vyzwn3z_wpftmp.csproj]
C:\Users\slohar\.gemini\antigravity\scratch\QADeviceTool\src\QADeviceTool.App\Helpers\PathHelper.cs(53,42): error CS0103: The name 'File' does not exist in the current context [C:\Users\slohar\.gemini\antigravity\scratch\QADeviceTool\src\QADeviceTool.App\QADeviceTool.App_5vyzwn3z_wpftmp.csproj]
C:\Users\slohar\.gemini\antigravity\scratch\QADeviceTool\src\QADeviceTool.App\Helpers\PathHelper.cs(66,35): error CS0103: The name 'Path' does not exist in the current context [C:\Users\slohar\.gemini\antigravity\scratch\QADeviceTool\src\QADeviceTool.App\QADeviceTool.App_5vyzwn3z_wpftmp.csproj]
C:\Users\slohar\.gemini\antigravity\scratch\QADeviceTool\src\QADeviceTool.App\Helpers\PathHelper.cs(70,28): error CS0103: The name 'Path' does not exist in the current context [C:\Users\slohar\.gemini\antigravity\scratch\QADeviceTool\src\QADeviceTool.App\QADeviceTool.App_5vyzwn3z_wpftmp.csproj]
C:\Users\slohar\.gemini\antigravity\scratch\QADeviceTool\src\QADeviceTool.App\Helpers\PathHelper.cs(71,17): error CS0103: The name 'File' does not exist in the current context [C:\Users\slohar\.gemini\antigravity\scratch\QADeviceTool\src\QADeviceTool.App\QADeviceTool.App_5vyzwn3z_wpftmp.csproj]
C:\Users\slohar\.gemini\antigravity\scratch\QADeviceTool\src\QADeviceTool.App\Helpers\PathHelper.cs(74,24): error CS0103: The name 'Path' does not exist in the current context [C:\Users\slohar\.gemini\antigravity\scratch\QADeviceTool\src\QADeviceTool.App\QADeviceTool.App_5vyzwn3z_wpftmp.csproj]
C:\Users\slohar\.gemini\antigravity\scratch\QADeviceTool\src\QADeviceTool.App\Helpers\PathHelper.cs(75,17): error CS0103: The name 'File' does not exist in the current context [C:\Users\slohar\.gemini\antigravity\scratch\QADeviceTool\src\QADeviceTool.App\QADeviceTool.App_5vyzwn3z_wpftmp.csproj]
C:\Users\slohar\.gemini\antigravity\scratch\QADeviceTool\src\QADeviceTool.App\Helpers\PathHelper.cs(84,23): error CS0103: The name 'Path' does not exist in the current context [C:\Users\slohar\.gemini\antigravity\scratch\QADeviceTool\src\QADeviceTool.App\QADeviceTool.App_5vyzwn3z_wpftmp.csproj]

Build FAILED.

C:\Users\slohar\.gemini\antigravity\scratch\QADeviceTool\src\QADeviceTool.App\Helpers\PathHelper.cs(14,16): error CS0103: The name 'Path' does not exist in the current context [C:\Users\slohar\.gemini\antigravity\scratch\QADeviceTool\src\QADeviceTool.App\QADeviceTool.App_5vyzwn3z_wpftmp.csproj]
C:\Users\slohar\.gemini\antigravity\scratch\QADeviceTool\src\QADeviceTool.App\Helpers\PathHelper.cs(23,14): error CS0103: The name 'Directory' does not exist in the current context [C:\Users\slohar\.gemini\antigravity\scratch\QADeviceTool\src\QADeviceTool.App\QADeviceTool.App_5vyzwn3z_wpftmp.csproj]
C:\Users\slohar\.gemini\antigravity\scratch\QADeviceTool\src\QADeviceTool.App\Helpers\PathHelper.cs(25,13): error CS0103: The name 'Directory' does not exist in the current context [C:\Users\slohar\.gemini\antigravity\scratch\QADeviceTool\src\QADeviceTool.App\QADeviceTool.App_5vyzwn3z_wpftmp.csproj]
C:\Users\slohar\.gemini\antigravity\scratch\QADeviceTool\src\QADeviceTool.App\Helpers\PathHelper.cs(37,24): error CS0103: The name 'Path' does not exist in the current context [C:\Users\slohar\.gemini\antigravity\scratch\QADeviceTool\src\QADeviceTool.App\QADeviceTool.App_5vyzwn3z_wpftmp.csproj]
C:\Users\slohar\.gemini\antigravity\scratch\QADeviceTool\src\QADeviceTool.App\Helpers\PathHelper.cs(38,9): error CS0103: The name 'Directory' does not exist in the current context [C:\Users\slohar\.gemini\antigravity\scratch\QADeviceTool\src\QADeviceTool.App\QADeviceTool.App_5vyzwn3z_wpftmp.csproj]
C:\Users\slohar\.gemini\antigravity\scratch\QADeviceTool\src\QADeviceTool.App\Helpers\PathHelper.cs(48,35): error CS0103: The name 'Path' does not exist in the current context [C:\Users\slohar\.gemini\antigravity\scratch\QADeviceTool\src\QADeviceTool.App\QADeviceTool.App_5vyzwn3z_wpftmp.csproj]
C:\Users\slohar\.gemini\antigravity\scratch\QADeviceTool\src\QADeviceTool.App\Helpers\PathHelper.cs(52,28): error CS0103: The name 'Path' does not exist in the current context [C:\Users\slohar\.gemini\antigravity\scratch\QADeviceTool\src\QADeviceTool.App\QADeviceTool.App_5vyzwn3z_wpftmp.csproj]
C:\Users\slohar\.gemini\antigravity\scratch\QADeviceTool\src\QADeviceTool.App\Helpers\PathHelper.cs(53,17): error CS0103: The name 'File' does not exist in the current context [C:\Users\slohar\.gemini\antigravity\scratch\QADeviceTool\src\QADeviceTool.App\QADeviceTool.App_5vyzwn3z_wpftmp.csproj]
C:\Users\slohar\.gemini\antigravity\scratch\QADeviceTool\src\QADeviceTool.App\Helpers\PathHelper.cs(53,42): error CS0103: The name 'File' does not exist in the current context [C:\Users\slohar\.gemini\antigravity\scratch\QADeviceTool\src\QADeviceTool.App\QADeviceTool.App_5vyzwn3z_wpftmp.csproj]
C:\Users\slohar\.gemini\antigravity\scratch\QADeviceTool\src\QADeviceTool.App\Helpers\PathHelper.cs(66,35): error CS0103: The name 'Path' does not exist in the current context [C:\Users\slohar\.gemini\antigravity\scratch\QADeviceTool\src\QADeviceTool.App\QADeviceTool.App_5vyzwn3z_wpftmp.csproj]
C:\Users\slohar\.gemini\antigravity\scratch\QADeviceTool\src\QADeviceTool.App\Helpers\PathHelper.cs(70,28): error CS0103: The name 'Path' does not exist in the current context [C:\Users\slohar\.gemini\antigravity\scratch\QADeviceTool\src\QADeviceTool.App\QADeviceTool.App_5vyzwn3z_wpftmp.csproj]
C:\Users\slohar\.gemini\antigravity\scratch\QADeviceTool\src\QADeviceTool.App\Helpers\PathHelper.cs(71,17): error CS0103: The name 'File' does not exist in the current context [C:\Users\slohar\.gemini\antigravity\scratch\QADeviceTool\src\QADeviceTool.App\QADeviceTool.App_5vyzwn3z_wpftmp.csproj]
C:\Users\slohar\.gemini\antigravity\scratch\QADeviceTool\src\QADeviceTool.App\Helpers\PathHelper.cs(74,24): error CS0103: The name 'Path' does not exist in the current context [C:\Users\slohar\.gemini\antigravity\scratch\QADeviceTool\src\QADeviceTool.App\QADeviceTool.App_5vyzwn3z_wpftmp.csproj]
C:\Users\slohar\.gemini\antigravity\scratch\QADeviceTool\src\QADeviceTool.App\Helpers\PathHelper.cs(75,17): error CS0103: The name 'File' does not exist in the current context [C:\Users\slohar\.gemini\antigravity\scratch\QADeviceTool\src\QADeviceTool.App\QADeviceTool.App_5vyzwn3z_wpftmp.csproj]
C:\Users\slohar\.gemini\antigravity\scratch\QADeviceTool\src\QADeviceTool.App\Helpers\PathHelper.cs(84,23): error CS0103: The name 'Path' does not exist in the current context [C:\Users\slohar\.gemini\antigravity\scratch\QADeviceTool\src\QADeviceTool.App\QADeviceTool.App_5vyzwn3z_wpftmp.csproj]
    0 Warning(s)
    15 Error(s)

Time Elapsed 00:00:01.37
