// Validating benchmarks:
// ***** BenchmarkRunner: Start   *****
// ***** Found 5 benchmark(s) in total *****
// ***** Building 1 exe(s) in Parallel: Start   *****
// start dotnet  restore /p:UseSharedCompilation=false /p:BuildInParallel=false /m:1 /p:Deterministic=true /p:Optimize=true /p:IntermediateOutputPath="D:\OpenCode\Tooling\QADeviceTool\src\LogPro.Benchmarks\bin\Release\net10.0\76a5f86d-b476-43d4-9f71-7a15324b0e08\obj\Release\net10.0/" /p:OutDir="D:\OpenCode\Tooling\QADeviceTool\src\LogPro.Benchmarks\bin\Release\net10.0\76a5f86d-b476-43d4-9f71-7a15324b0e08\bin\Release\net10.0/" /p:OutputPath="D:\OpenCode\Tooling\QADeviceTool\src\LogPro.Benchmarks\bin\Release\net10.0\76a5f86d-b476-43d4-9f71-7a15324b0e08\bin\Release\net10.0/" in D:\OpenCode\Tooling\QADeviceTool\src\LogPro.Benchmarks\bin\Release\net10.0\76a5f86d-b476-43d4-9f71-7a15324b0e08
// command took 1.43 sec and exited with 0
// start dotnet  build -c Release --no-restore /p:UseSharedCompilation=false /p:BuildInParallel=false /m:1 /p:Deterministic=true /p:Optimize=true /p:IntermediateOutputPath="D:\OpenCode\Tooling\QADeviceTool\src\LogPro.Benchmarks\bin\Release\net10.0\76a5f86d-b476-43d4-9f71-7a15324b0e08\obj\Release\net10.0/" /p:OutDir="D:\OpenCode\Tooling\QADeviceTool\src\LogPro.Benchmarks\bin\Release\net10.0\76a5f86d-b476-43d4-9f71-7a15324b0e08\bin\Release\net10.0/" /p:OutputPath="D:\OpenCode\Tooling\QADeviceTool\src\LogPro.Benchmarks\bin\Release\net10.0\76a5f86d-b476-43d4-9f71-7a15324b0e08\bin\Release\net10.0/" --output "D:\OpenCode\Tooling\QADeviceTool\src\LogPro.Benchmarks\bin\Release\net10.0\76a5f86d-b476-43d4-9f71-7a15324b0e08\bin\Release\net10.0/" in D:\OpenCode\Tooling\QADeviceTool\src\LogPro.Benchmarks\bin\Release\net10.0\76a5f86d-b476-43d4-9f71-7a15324b0e08
// command took 11.07 sec and exited with 0
// ***** Done, took 00:00:12 (12.82 sec)   *****
// Found 5 benchmarks:
//   HotPathBenchmarks.ParseSurfaceFlingerLatency: ShortRun(IterationCount=3, LaunchCount=1, WarmupCount=3)
//   HotPathBenchmarks.SummarizeFrames: ShortRun(IterationCount=3, LaunchCount=1, WarmupCount=3)
//   HotPathBenchmarks.ParseCpuPercent: ShortRun(IterationCount=3, LaunchCount=1, WarmupCount=3)
//   HotPathBenchmarks.ParseMemInfoTotals: ShortRun(IterationCount=3, LaunchCount=1, WarmupCount=3)
//   HotPathBenchmarks.HashSerial: ShortRun(IterationCount=3, LaunchCount=1, WarmupCount=3)

Setup power plan (GUID: 8c5e7fda-e8bf-4a96-9a85-a6e23a8c635c FriendlyName: High performance)
// **************************
// Benchmark: HotPathBenchmarks.ParseSurfaceFlingerLatency: ShortRun(IterationCount=3, LaunchCount=1, WarmupCount=3)
// *** Execute ***
// Launch: 1 / 1
// Execute: dotnet 76a5f86d-b476-43d4-9f71-7a15324b0e08.dll --anonymousPipes 1528 1672 --benchmarkName LogPro.Benchmarks.HotPathBenchmarks.ParseSurfaceFlingerLatency --job ShortRun --benchmarkId 0 in D:\OpenCode\Tooling\QADeviceTool\src\LogPro.Benchmarks\bin\Release\net10.0\76a5f86d-b476-43d4-9f71-7a15324b0e08\bin\Release\net10.0
// BeforeAnythingElse

// Benchmark Process Environment Information:
// BenchmarkDotNet v0.14.0
// Runtime=.NET 10.0.6 (10.0.626.17701), X64 RyuJIT AVX-512F+CD+BW+DQ+VL+VBMI
// GC=Concurrent Workstation
// HardwareIntrinsics=AVX-512F+CD+BW+DQ+VL+VBMI,AES,BMI1,BMI2,FMA,LZCNT,PCLMUL,POPCNT VectorSize=256
// Job: ShortRun(IterationCount=3, LaunchCount=1, WarmupCount=3)

OverheadJitting  1: 1 op, 312600.00 ns, 312.6000 us/op
WorkloadJitting  1: 1 op, 1407200.00 ns, 1.4072 ms/op

OverheadJitting  2: 16 op, 521500.00 ns, 32.5938 us/op
WorkloadJitting  2: 16 op, 2650800.00 ns, 165.6750 us/op

WorkloadPilot    1: 16 op, 2528800.00 ns, 158.0500 us/op
WorkloadPilot    2: 32 op, 5111800.00 ns, 159.7438 us/op
WorkloadPilot    3: 64 op, 11942700.00 ns, 186.6047 us/op
WorkloadPilot    4: 128 op, 14176700.00 ns, 110.7555 us/op
WorkloadPilot    5: 256 op, 28596200.00 ns, 111.7039 us/op
WorkloadPilot    6: 512 op, 57282400.00 ns, 111.8797 us/op
WorkloadPilot    7: 1024 op, 115347500.00 ns, 112.6440 us/op
WorkloadPilot    8: 2048 op, 108407000.00 ns, 52.9331 us/op
WorkloadPilot    9: 4096 op, 248527000.00 ns, 60.6755 us/op
WorkloadPilot   10: 8192 op, 429240400.00 ns, 52.3975 us/op
WorkloadPilot   11: 16384 op, 952549100.00 ns, 58.1390 us/op

OverheadWarmup   1: 16384 op, 66300.00 ns, 4.0466 ns/op
OverheadWarmup   2: 16384 op, 84600.00 ns, 5.1636 ns/op
OverheadWarmup   3: 16384 op, 63000.00 ns, 3.8452 ns/op
OverheadWarmup   4: 16384 op, 61900.00 ns, 3.7781 ns/op
OverheadWarmup   5: 16384 op, 62800.00 ns, 3.8330 ns/op
OverheadWarmup   6: 16384 op, 82300.00 ns, 5.0232 ns/op
OverheadWarmup   7: 16384 op, 63900.00 ns, 3.9001 ns/op

OverheadActual   1: 16384 op, 62900.00 ns, 3.8391 ns/op
OverheadActual   2: 16384 op, 69500.00 ns, 4.2419 ns/op
OverheadActual   3: 16384 op, 85000.00 ns, 5.1880 ns/op
OverheadActual   4: 16384 op, 80700.00 ns, 4.9255 ns/op
OverheadActual   5: 16384 op, 109300.00 ns, 6.6711 ns/op
OverheadActual   6: 16384 op, 83000.00 ns, 5.0659 ns/op
OverheadActual   7: 16384 op, 65400.00 ns, 3.9917 ns/op
OverheadActual   8: 16384 op, 63600.00 ns, 3.8818 ns/op
OverheadActual   9: 16384 op, 63500.00 ns, 3.8757 ns/op
OverheadActual  10: 16384 op, 64400.00 ns, 3.9307 ns/op
OverheadActual  11: 16384 op, 64600.00 ns, 3.9429 ns/op
OverheadActual  12: 16384 op, 64100.00 ns, 3.9124 ns/op
OverheadActual  13: 16384 op, 66700.00 ns, 4.0710 ns/op
OverheadActual  14: 16384 op, 64600.00 ns, 3.9429 ns/op
OverheadActual  15: 16384 op, 72200.00 ns, 4.4067 ns/op
OverheadActual  16: 16384 op, 63600.00 ns, 3.8818 ns/op
OverheadActual  17: 16384 op, 76700.00 ns, 4.6814 ns/op
OverheadActual  18: 16384 op, 70200.00 ns, 4.2847 ns/op
OverheadActual  19: 16384 op, 63000.00 ns, 3.8452 ns/op
OverheadActual  20: 16384 op, 61800.00 ns, 3.7720 ns/op

WorkloadWarmup   1: 16384 op, 1054200600.00 ns, 64.3433 us/op
WorkloadWarmup   2: 16384 op, 938723600.00 ns, 57.2951 us/op
WorkloadWarmup   3: 16384 op, 973298800.00 ns, 59.4054 us/op

// BeforeActualRun
WorkloadActual   1: 16384 op, 810151000.00 ns, 49.4477 us/op
WorkloadActual   2: 16384 op, 797724400.00 ns, 48.6892 us/op
WorkloadActual   3: 16384 op, 819475300.00 ns, 50.0168 us/op

// AfterActualRun
WorkloadResult   1: 16384 op, 810086000.00 ns, 49.4437 us/op
WorkloadResult   2: 16384 op, 797659400.00 ns, 48.6853 us/op
WorkloadResult   3: 16384 op, 819410300.00 ns, 50.0128 us/op
// GC:  264 65 0 3317695200 16384
// Threading:  0 0 16384

// AfterAll
// Benchmark Process 7616 has exited with code 0.

Mean = 49.381 μs, StdErr = 0.385 μs (0.78%), N = 3, StdDev = 0.666 μs
Min = 48.685 μs, Q1 = 49.064 μs, Median = 49.444 μs, Q3 = 49.728 μs, Max = 50.013 μs
IQR = 0.664 μs, LowerFence = 48.069 μs, UpperFence = 50.724 μs
ConfidenceInterval = [37.230 μs; 61.532 μs] (CI 99.9%), Margin = 12.151 μs (24.61% of Mean)
Skewness = -0.09, Kurtosis = 0.67, MValue = 2

// ** Remained 4 (80.0%) benchmark(s) to run. Estimated finish 2026-08-26 11:20 (0h 0m from now) **
Setup power plan (GUID: 8c5e7fda-e8bf-4a96-9a85-a6e23a8c635c FriendlyName: High performance)
// **************************
// Benchmark: HotPathBenchmarks.SummarizeFrames: ShortRun(IterationCount=3, LaunchCount=1, WarmupCount=3)
// *** Execute ***
// Launch: 1 / 1
// Execute: dotnet 76a5f86d-b476-43d4-9f71-7a15324b0e08.dll --anonymousPipes 1436 1672 --benchmarkName LogPro.Benchmarks.HotPathBenchmarks.SummarizeFrames --job ShortRun --benchmarkId 1 in D:\OpenCode\Tooling\QADeviceTool\src\LogPro.Benchmarks\bin\Release\net10.0\76a5f86d-b476-43d4-9f71-7a15324b0e08\bin\Release\net10.0
// BeforeAnythingElse

// Benchmark Process Environment Information:
// BenchmarkDotNet v0.14.0
// Runtime=.NET 10.0.6 (10.0.626.17701), X64 RyuJIT AVX-512F+CD+BW+DQ+VL+VBMI
// GC=Concurrent Workstation
// HardwareIntrinsics=AVX-512F+CD+BW+DQ+VL+VBMI,AES,BMI1,BMI2,FMA,LZCNT,PCLMUL,POPCNT VectorSize=256
// Job: ShortRun(IterationCount=3, LaunchCount=1, WarmupCount=3)

OverheadJitting  1: 1 op, 292100.00 ns, 292.1000 us/op
WorkloadJitting  1: 1 op, 9076100.00 ns, 9.0761 ms/op

OverheadJitting  2: 16 op, 235000.00 ns, 14.6875 us/op
WorkloadJitting  2: 16 op, 4892200.00 ns, 305.7625 us/op

WorkloadPilot    1: 16 op, 5042300.00 ns, 315.1438 us/op
WorkloadPilot    2: 32 op, 7480400.00 ns, 233.7625 us/op
WorkloadPilot    3: 64 op, 16551100.00 ns, 258.6109 us/op
WorkloadPilot    4: 128 op, 23336900.00 ns, 182.3195 us/op
WorkloadPilot    5: 256 op, 43878700.00 ns, 171.4012 us/op
WorkloadPilot    6: 512 op, 97221800.00 ns, 189.8863 us/op
WorkloadPilot    7: 1024 op, 115761400.00 ns, 113.0482 us/op
WorkloadPilot    8: 2048 op, 151724800.00 ns, 74.0844 us/op
WorkloadPilot    9: 4096 op, 256081900.00 ns, 62.5200 us/op
WorkloadPilot   10: 8192 op, 511638900.00 ns, 62.4559 us/op

OverheadWarmup   1: 8192 op, 16600.00 ns, 2.0264 ns/op
OverheadWarmup   2: 8192 op, 20200.00 ns, 2.4658 ns/op
OverheadWarmup   3: 8192 op, 14900.00 ns, 1.8188 ns/op
OverheadWarmup   4: 8192 op, 14700.00 ns, 1.7944 ns/op
OverheadWarmup   5: 8192 op, 14900.00 ns, 1.8188 ns/op
OverheadWarmup   6: 8192 op, 14800.00 ns, 1.8066 ns/op

OverheadActual   1: 8192 op, 14800.00 ns, 1.8066 ns/op
OverheadActual   2: 8192 op, 14000.00 ns, 1.7090 ns/op
OverheadActual   3: 8192 op, 14200.00 ns, 1.7334 ns/op
OverheadActual   4: 8192 op, 13900.00 ns, 1.6968 ns/op
OverheadActual   5: 8192 op, 13700.00 ns, 1.6724 ns/op
OverheadActual   6: 8192 op, 14000.00 ns, 1.7090 ns/op
OverheadActual   7: 8192 op, 13700.00 ns, 1.6724 ns/op
OverheadActual   8: 8192 op, 13700.00 ns, 1.6724 ns/op
OverheadActual   9: 8192 op, 13700.00 ns, 1.6724 ns/op
OverheadActual  10: 8192 op, 13700.00 ns, 1.6724 ns/op
OverheadActual  11: 8192 op, 14300.00 ns, 1.7456 ns/op
OverheadActual  12: 8192 op, 14000.00 ns, 1.7090 ns/op
OverheadActual  13: 8192 op, 13900.00 ns, 1.6968 ns/op
OverheadActual  14: 8192 op, 14200.00 ns, 1.7334 ns/op
OverheadActual  15: 8192 op, 13700.00 ns, 1.6724 ns/op

WorkloadWarmup   1: 8192 op, 508009700.00 ns, 62.0129 us/op
WorkloadWarmup   2: 8192 op, 619537200.00 ns, 75.6271 us/op
WorkloadWarmup   3: 8192 op, 612100500.00 ns, 74.7193 us/op

// BeforeActualRun
WorkloadActual   1: 8192 op, 604972500.00 ns, 73.8492 us/op
WorkloadActual   2: 8192 op, 605354400.00 ns, 73.8958 us/op
WorkloadActual   3: 8192 op, 550955400.00 ns, 67.2553 us/op

// AfterActualRun
WorkloadResult   1: 8192 op, 604958600.00 ns, 73.8475 us/op
WorkloadResult   2: 8192 op, 605340500.00 ns, 73.8941 us/op
WorkloadResult   3: 8192 op, 550941500.00 ns, 67.2536 us/op
// GC:  141 28 0 1778189360 8192
// Threading:  0 0 8192

// AfterAll
// Benchmark Process 19688 has exited with code 0.

Mean = 71.665 μs, StdErr = 2.206 μs (3.08%), N = 3, StdDev = 3.821 μs
Min = 67.254 μs, Q1 = 70.551 μs, Median = 73.847 μs, Q3 = 73.871 μs, Max = 73.894 μs
IQR = 3.320 μs, LowerFence = 65.570 μs, UpperFence = 78.851 μs
ConfidenceInterval = [1.965 μs; 141.365 μs] (CI 99.9%), Margin = 69.700 μs (97.26% of Mean)
Skewness = -0.38, Kurtosis = 0.67, MValue = 2

// ** Remained 3 (60.0%) benchmark(s) to run. Estimated finish 2026-08-26 11:20 (0h 0m from now) **
Setup power plan (GUID: 8c5e7fda-e8bf-4a96-9a85-a6e23a8c635c FriendlyName: High performance)
// **************************
// Benchmark: HotPathBenchmarks.ParseCpuPercent: ShortRun(IterationCount=3, LaunchCount=1, WarmupCount=3)
// *** Execute ***
// Launch: 1 / 1
// Execute: dotnet 76a5f86d-b476-43d4-9f71-7a15324b0e08.dll --anonymousPipes 1776 2056 --benchmarkName LogPro.Benchmarks.HotPathBenchmarks.ParseCpuPercent --job ShortRun --benchmarkId 2 in D:\OpenCode\Tooling\QADeviceTool\src\LogPro.Benchmarks\bin\Release\net10.0\76a5f86d-b476-43d4-9f71-7a15324b0e08\bin\Release\net10.0
// BeforeAnythingElse

// Benchmark Process Environment Information:
// BenchmarkDotNet v0.14.0
// Runtime=.NET 10.0.6 (10.0.626.17701), X64 RyuJIT AVX-512F+CD+BW+DQ+VL+VBMI
// GC=Concurrent Workstation
// HardwareIntrinsics=AVX-512F+CD+BW+DQ+VL+VBMI,AES,BMI1,BMI2,FMA,LZCNT,PCLMUL,POPCNT VectorSize=256
// Job: ShortRun(IterationCount=3, LaunchCount=1, WarmupCount=3)

OverheadJitting  1: 1 op, 272800.00 ns, 272.8000 us/op
WorkloadJitting  1: 1 op, 11193400.00 ns, 11.1934 ms/op

OverheadJitting  2: 16 op, 194000.00 ns, 12.1250 us/op
WorkloadJitting  2: 16 op, 239500.00 ns, 14.9688 us/op

WorkloadPilot    1: 16 op, 26800.00 ns, 1.6750 us/op
WorkloadPilot    2: 32 op, 42800.00 ns, 1.3375 us/op
WorkloadPilot    3: 64 op, 69600.00 ns, 1.0875 us/op
WorkloadPilot    4: 128 op, 161900.00 ns, 1.2648 us/op
WorkloadPilot    5: 256 op, 252200.00 ns, 985.1563 ns/op
WorkloadPilot    6: 512 op, 435200.00 ns, 850.0000 ns/op
WorkloadPilot    7: 1024 op, 941600.00 ns, 919.5313 ns/op
WorkloadPilot    8: 2048 op, 1919000.00 ns, 937.0117 ns/op
WorkloadPilot    9: 4096 op, 4327700.00 ns, 1.0566 us/op
WorkloadPilot   10: 8192 op, 8338400.00 ns, 1.0179 us/op
WorkloadPilot   11: 16384 op, 14922300.00 ns, 910.7849 ns/op
WorkloadPilot   12: 32768 op, 22724500.00 ns, 693.4967 ns/op
WorkloadPilot   13: 65536 op, 48658300.00 ns, 742.4667 ns/op
WorkloadPilot   14: 131072 op, 97754300.00 ns, 745.8061 ns/op
WorkloadPilot   15: 262144 op, 231083700.00 ns, 881.5144 ns/op
WorkloadPilot   16: 524288 op, 215229400.00 ns, 410.5175 ns/op
WorkloadPilot   17: 1048576 op, 464446400.00 ns, 442.9306 ns/op
WorkloadPilot   18: 2097152 op, 843587700.00 ns, 402.2540 ns/op

OverheadWarmup   1: 2097152 op, 3467400.00 ns, 1.6534 ns/op
OverheadWarmup   2: 2097152 op, 3474900.00 ns, 1.6570 ns/op
OverheadWarmup   3: 2097152 op, 3385400.00 ns, 1.6143 ns/op
OverheadWarmup   4: 2097152 op, 3403000.00 ns, 1.6227 ns/op
OverheadWarmup   5: 2097152 op, 3450300.00 ns, 1.6452 ns/op
OverheadWarmup   6: 2097152 op, 3442200.00 ns, 1.6414 ns/op

OverheadActual   1: 2097152 op, 3426800.00 ns, 1.6340 ns/op
OverheadActual   2: 2097152 op, 3429300.00 ns, 1.6352 ns/op
OverheadActual   3: 2097152 op, 3488200.00 ns, 1.6633 ns/op
OverheadActual   4: 2097152 op, 3388700.00 ns, 1.6159 ns/op
OverheadActual   5: 2097152 op, 3457400.00 ns, 1.6486 ns/op
OverheadActual   6: 2097152 op, 3498500.00 ns, 1.6682 ns/op
OverheadActual   7: 2097152 op, 3459000.00 ns, 1.6494 ns/op
OverheadActual   8: 2097152 op, 3478000.00 ns, 1.6584 ns/op
OverheadActual   9: 2097152 op, 3476200.00 ns, 1.6576 ns/op
OverheadActual  10: 2097152 op, 3469800.00 ns, 1.6545 ns/op
OverheadActual  11: 2097152 op, 3696600.00 ns, 1.7627 ns/op
OverheadActual  12: 2097152 op, 3613400.00 ns, 1.7230 ns/op
OverheadActual  13: 2097152 op, 3643800.00 ns, 1.7375 ns/op
OverheadActual  14: 2097152 op, 3686100.00 ns, 1.7577 ns/op
OverheadActual  15: 2097152 op, 3698600.00 ns, 1.7636 ns/op

WorkloadWarmup   1: 2097152 op, 930126400.00 ns, 443.5188 ns/op
WorkloadWarmup   2: 2097152 op, 1054117400.00 ns, 502.6423 ns/op
WorkloadWarmup   3: 2097152 op, 1007076900.00 ns, 480.2117 ns/op

// BeforeActualRun
WorkloadActual   1: 2097152 op, 924780500.00 ns, 440.9697 ns/op
WorkloadActual   2: 2097152 op, 1035549400.00 ns, 493.7884 ns/op
WorkloadActual   3: 2097152 op, 1024449100.00 ns, 488.4954 ns/op

// AfterActualRun
WorkloadResult   1: 2097152 op, 921302500.00 ns, 439.3113 ns/op
WorkloadResult   2: 2097152 op, 1032071400.00 ns, 492.1300 ns/op
WorkloadResult   3: 2097152 op, 1020971100.00 ns, 486.8370 ns/op
// GC:  176 0 0 2214592912 2097152
// Threading:  0 0 2097152

// AfterAll
// Benchmark Process 26980 has exited with code 0.

Mean = 472.759 ns, StdErr = 16.794 ns (3.55%), N = 3, StdDev = 29.088 ns
Min = 439.311 ns, Q1 = 463.074 ns, Median = 486.837 ns, Q3 = 489.483 ns, Max = 492.130 ns
IQR = 26.409 ns, LowerFence = 423.460 ns, UpperFence = 529.098 ns
ConfidenceInterval = [-57.906 ns; 1,003.425 ns] (CI 99.9%), Margin = 530.666 ns (112.25% of Mean)
Skewness = -0.37, Kurtosis = 0.67, MValue = 2

// ** Remained 2 (40.0%) benchmark(s) to run. Estimated finish 2026-08-26 11:20 (0h 0m from now) **
Setup power plan (GUID: 8c5e7fda-e8bf-4a96-9a85-a6e23a8c635c FriendlyName: High performance)
// **************************
// Benchmark: HotPathBenchmarks.ParseMemInfoTotals: ShortRun(IterationCount=3, LaunchCount=1, WarmupCount=3)
// *** Execute ***
// Launch: 1 / 1
// Execute: dotnet 76a5f86d-b476-43d4-9f71-7a15324b0e08.dll --anonymousPipes 2092 2088 --benchmarkName LogPro.Benchmarks.HotPathBenchmarks.ParseMemInfoTotals --job ShortRun --benchmarkId 3 in D:\OpenCode\Tooling\QADeviceTool\src\LogPro.Benchmarks\bin\Release\net10.0\76a5f86d-b476-43d4-9f71-7a15324b0e08\bin\Release\net10.0
// BeforeAnythingElse

// Benchmark Process Environment Information:
// BenchmarkDotNet v0.14.0
// Runtime=.NET 10.0.6 (10.0.626.17701), X64 RyuJIT AVX-512F+CD+BW+DQ+VL+VBMI
// GC=Concurrent Workstation
// HardwareIntrinsics=AVX-512F+CD+BW+DQ+VL+VBMI,AES,BMI1,BMI2,FMA,LZCNT,PCLMUL,POPCNT VectorSize=256
// Job: ShortRun(IterationCount=3, LaunchCount=1, WarmupCount=3)

OverheadJitting  1: 1 op, 292800.00 ns, 292.8000 us/op
WorkloadJitting  1: 1 op, 8077400.00 ns, 8.0774 ms/op

OverheadJitting  2: 16 op, 224800.00 ns, 14.0500 us/op
WorkloadJitting  2: 16 op, 312200.00 ns, 19.5125 us/op

WorkloadPilot    1: 16 op, 53400.00 ns, 3.3375 us/op
WorkloadPilot    2: 32 op, 70400.00 ns, 2.2000 us/op
WorkloadPilot    3: 64 op, 100400.00 ns, 1.5688 us/op
WorkloadPilot    4: 128 op, 233300.00 ns, 1.8227 us/op
WorkloadPilot    5: 256 op, 410500.00 ns, 1.6035 us/op
WorkloadPilot    6: 512 op, 637200.00 ns, 1.2445 us/op
WorkloadPilot    7: 1024 op, 1420500.00 ns, 1.3872 us/op
WorkloadPilot    8: 2048 op, 3302100.00 ns, 1.6124 us/op
WorkloadPilot    9: 4096 op, 5737300.00 ns, 1.4007 us/op
WorkloadPilot   10: 8192 op, 12765400.00 ns, 1.5583 us/op
WorkloadPilot   11: 16384 op, 20052300.00 ns, 1.2239 us/op
WorkloadPilot   12: 32768 op, 35542700.00 ns, 1.0847 us/op
WorkloadPilot   13: 65536 op, 79211500.00 ns, 1.2087 us/op
WorkloadPilot   14: 131072 op, 232077300.00 ns, 1.7706 us/op
WorkloadPilot   15: 262144 op, 202461300.00 ns, 772.3286 ns/op
WorkloadPilot   16: 524288 op, 348901700.00 ns, 665.4772 ns/op
WorkloadPilot   17: 1048576 op, 729134900.00 ns, 695.3572 ns/op

OverheadWarmup   1: 1048576 op, 1981400.00 ns, 1.8896 ns/op
OverheadWarmup   2: 1048576 op, 1890000.00 ns, 1.8024 ns/op
OverheadWarmup   3: 1048576 op, 1855800.00 ns, 1.7698 ns/op
OverheadWarmup   4: 1048576 op, 1908800.00 ns, 1.8204 ns/op
OverheadWarmup   5: 1048576 op, 1975600.00 ns, 1.8841 ns/op
OverheadWarmup   6: 1048576 op, 1734600.00 ns, 1.6542 ns/op
OverheadWarmup   7: 1048576 op, 2127900.00 ns, 2.0293 ns/op
OverheadWarmup   8: 1048576 op, 2030800.00 ns, 1.9367 ns/op

OverheadActual   1: 1048576 op, 1907300.00 ns, 1.8189 ns/op
OverheadActual   2: 1048576 op, 1743700.00 ns, 1.6629 ns/op
OverheadActual   3: 1048576 op, 1714300.00 ns, 1.6349 ns/op
OverheadActual   4: 1048576 op, 1707700.00 ns, 1.6286 ns/op
OverheadActual   5: 1048576 op, 1735800.00 ns, 1.6554 ns/op
OverheadActual   6: 1048576 op, 1700600.00 ns, 1.6218 ns/op
OverheadActual   7: 1048576 op, 1717400.00 ns, 1.6378 ns/op
OverheadActual   8: 1048576 op, 1731900.00 ns, 1.6517 ns/op
OverheadActual   9: 1048576 op, 1732400.00 ns, 1.6521 ns/op
OverheadActual  10: 1048576 op, 1730500.00 ns, 1.6503 ns/op
OverheadActual  11: 1048576 op, 1733800.00 ns, 1.6535 ns/op
OverheadActual  12: 1048576 op, 2040300.00 ns, 1.9458 ns/op
OverheadActual  13: 1048576 op, 2063300.00 ns, 1.9677 ns/op
OverheadActual  14: 1048576 op, 1815500.00 ns, 1.7314 ns/op
OverheadActual  15: 1048576 op, 1730300.00 ns, 1.6501 ns/op

WorkloadWarmup   1: 1048576 op, 687305300.00 ns, 655.4654 ns/op
WorkloadWarmup   2: 1048576 op, 677648800.00 ns, 646.2563 ns/op
WorkloadWarmup   3: 1048576 op, 752707200.00 ns, 717.8375 ns/op

// BeforeActualRun
WorkloadActual   1: 1048576 op, 667609900.00 ns, 636.6824 ns/op
WorkloadActual   2: 1048576 op, 702538100.00 ns, 669.9925 ns/op
WorkloadActual   3: 1048576 op, 730561300.00 ns, 696.7175 ns/op

// AfterActualRun
WorkloadResult   1: 1048576 op, 665877500.00 ns, 635.0303 ns/op
WorkloadResult   2: 1048576 op, 700805700.00 ns, 668.3404 ns/op
WorkloadResult   3: 1048576 op, 728828900.00 ns, 695.0654 ns/op
// GC:  112 0 0 1417675152 1048576
// Threading:  0 0 1048576

// AfterAll
// Benchmark Process 27572 has exited with code 0.

Mean = 666.145 ns, StdErr = 17.365 ns (2.61%), N = 3, StdDev = 30.078 ns
Min = 635.030 ns, Q1 = 651.685 ns, Median = 668.340 ns, Q3 = 681.703 ns, Max = 695.065 ns
IQR = 30.018 ns, LowerFence = 606.659 ns, UpperFence = 726.729 ns
ConfidenceInterval = [117.416 ns; 1,214.875 ns] (CI 99.9%), Margin = 548.729 ns (82.37% of Mean)
Skewness = -0.07, Kurtosis = 0.67, MValue = 2

// ** Remained 1 (20.0%) benchmark(s) to run. Estimated finish 2026-08-26 11:20 (0h 0m from now) **
Setup power plan (GUID: 8c5e7fda-e8bf-4a96-9a85-a6e23a8c635c FriendlyName: High performance)
// **************************
// Benchmark: HotPathBenchmarks.HashSerial: ShortRun(IterationCount=3, LaunchCount=1, WarmupCount=3)
// *** Execute ***
// Launch: 1 / 1
// Execute: dotnet 76a5f86d-b476-43d4-9f71-7a15324b0e08.dll --anonymousPipes 1252 1504 --benchmarkName LogPro.Benchmarks.HotPathBenchmarks.HashSerial --job ShortRun --benchmarkId 4 in D:\OpenCode\Tooling\QADeviceTool\src\LogPro.Benchmarks\bin\Release\net10.0\76a5f86d-b476-43d4-9f71-7a15324b0e08\bin\Release\net10.0
// BeforeAnythingElse

// Benchmark Process Environment Information:
// BenchmarkDotNet v0.14.0
// Runtime=.NET 10.0.6 (10.0.626.17701), X64 RyuJIT AVX-512F+CD+BW+DQ+VL+VBMI
// GC=Concurrent Workstation
// HardwareIntrinsics=AVX-512F+CD+BW+DQ+VL+VBMI,AES,BMI1,BMI2,FMA,LZCNT,PCLMUL,POPCNT VectorSize=256
// Job: ShortRun(IterationCount=3, LaunchCount=1, WarmupCount=3)

OverheadJitting  1: 1 op, 279100.00 ns, 279.1000 us/op
WorkloadJitting  1: 1 op, 11390000.00 ns, 11.3900 ms/op

OverheadJitting  2: 16 op, 445900.00 ns, 27.8688 us/op
WorkloadJitting  2: 16 op, 506300.00 ns, 31.6438 us/op

WorkloadPilot    1: 16 op, 31500.00 ns, 1.9688 us/op
WorkloadPilot    2: 32 op, 38900.00 ns, 1.2156 us/op
WorkloadPilot    3: 64 op, 106500.00 ns, 1.6641 us/op
WorkloadPilot    4: 128 op, 147300.00 ns, 1.1508 us/op
WorkloadPilot    5: 256 op, 239400.00 ns, 935.1563 ns/op
WorkloadPilot    6: 512 op, 451900.00 ns, 882.6172 ns/op
WorkloadPilot    7: 1024 op, 1010700.00 ns, 987.0117 ns/op
WorkloadPilot    8: 2048 op, 1648700.00 ns, 805.0293 ns/op
WorkloadPilot    9: 4096 op, 3347600.00 ns, 817.2852 ns/op
WorkloadPilot   10: 8192 op, 6716000.00 ns, 819.8242 ns/op
WorkloadPilot   11: 16384 op, 12249500.00 ns, 747.6501 ns/op
WorkloadPilot   12: 32768 op, 21244400.00 ns, 648.3276 ns/op
WorkloadPilot   13: 65536 op, 39440300.00 ns, 601.8112 ns/op
WorkloadPilot   14: 131072 op, 89755500.00 ns, 684.7801 ns/op
WorkloadPilot   15: 262144 op, 138575500.00 ns, 528.6236 ns/op
WorkloadPilot   16: 524288 op, 209825300.00 ns, 400.2100 ns/op
WorkloadPilot   17: 1048576 op, 351208600.00 ns, 334.9386 ns/op
WorkloadPilot   18: 2097152 op, 830782800.00 ns, 396.1481 ns/op

OverheadWarmup   1: 2097152 op, 8335800.00 ns, 3.9748 ns/op
OverheadWarmup   2: 2097152 op, 7635200.00 ns, 3.6407 ns/op
OverheadWarmup   3: 2097152 op, 6894900.00 ns, 3.2877 ns/op
OverheadWarmup   4: 2097152 op, 6850400.00 ns, 3.2665 ns/op
OverheadWarmup   5: 2097152 op, 6632000.00 ns, 3.1624 ns/op
OverheadWarmup   6: 2097152 op, 8180500.00 ns, 3.9008 ns/op
OverheadWarmup   7: 2097152 op, 7918100.00 ns, 3.7756 ns/op
OverheadWarmup   8: 2097152 op, 7632400.00 ns, 3.6394 ns/op
OverheadWarmup   9: 2097152 op, 7501500.00 ns, 3.5770 ns/op
OverheadWarmup  10: 2097152 op, 7457300.00 ns, 3.5559 ns/op

OverheadActual   1: 2097152 op, 7608000.00 ns, 3.6278 ns/op
OverheadActual   2: 2097152 op, 7224000.00 ns, 3.4447 ns/op
OverheadActual   3: 2097152 op, 7406500.00 ns, 3.5317 ns/op
OverheadActual   4: 2097152 op, 6880400.00 ns, 3.2808 ns/op
OverheadActual   5: 2097152 op, 7293000.00 ns, 3.4776 ns/op
OverheadActual   6: 2097152 op, 7659300.00 ns, 3.6522 ns/op
OverheadActual   7: 2097152 op, 7709400.00 ns, 3.6761 ns/op
OverheadActual   8: 2097152 op, 7449700.00 ns, 3.5523 ns/op
OverheadActual   9: 2097152 op, 7178400.00 ns, 3.4229 ns/op
OverheadActual  10: 2097152 op, 6822200.00 ns, 3.2531 ns/op
OverheadActual  11: 2097152 op, 6885500.00 ns, 3.2833 ns/op
OverheadActual  12: 2097152 op, 7057100.00 ns, 3.3651 ns/op
OverheadActual  13: 2097152 op, 7317600.00 ns, 3.4893 ns/op
OverheadActual  14: 2097152 op, 7414300.00 ns, 3.5354 ns/op
OverheadActual  15: 2097152 op, 7422000.00 ns, 3.5391 ns/op

WorkloadWarmup   1: 2097152 op, 703989100.00 ns, 335.6882 ns/op
WorkloadWarmup   2: 2097152 op, 706515100.00 ns, 336.8927 ns/op
WorkloadWarmup   3: 2097152 op, 726024600.00 ns, 346.1955 ns/op

// BeforeActualRun
WorkloadActual   1: 2097152 op, 722097600.00 ns, 344.3230 ns/op
WorkloadActual   2: 2097152 op, 745402800.00 ns, 355.4358 ns/op
WorkloadActual   3: 2097152 op, 726320500.00 ns, 346.3366 ns/op

// AfterActualRun
WorkloadResult   1: 2097152 op, 714780000.00 ns, 340.8337 ns/op
WorkloadResult   2: 2097152 op, 738085200.00 ns, 351.9464 ns/op
WorkloadResult   3: 2097152 op, 719002900.00 ns, 342.8473 ns/op
// GC:  60 0 0 754975120 2097152
// Threading:  0 0 2097152

// AfterAll
// Benchmark Process 25444 has exited with code 0.

Mean = 345.209 ns, StdErr = 3.418 ns (0.99%), N = 3, StdDev = 5.921 ns
Min = 340.834 ns, Q1 = 341.840 ns, Median = 342.847 ns, Q3 = 347.397 ns, Max = 351.946 ns
IQR = 5.556 ns, LowerFence = 333.506 ns, UpperFence = 355.731 ns
ConfidenceInterval = [237.190 ns; 453.229 ns] (CI 99.9%), Margin = 108.019 ns (31.29% of Mean)
Skewness = 0.34, Kurtosis = 0.67, MValue = 2

// ** Remained 0 (0.0%) benchmark(s) to run. Estimated finish 2026-08-26 11:20 (0h 0m from now) **
Successfully reverted power plan (GUID: 8c5e7fda-e8bf-4a96-9a85-a6e23a8c635c FriendlyName: High performance)
// ***** BenchmarkRunner: Finish  *****

// * Export *
  BenchmarkDotNet.Artifacts\results\LogPro.Benchmarks.HotPathBenchmarks-report.csv
  BenchmarkDotNet.Artifacts\results\LogPro.Benchmarks.HotPathBenchmarks-report-github.md
  BenchmarkDotNet.Artifacts\results\LogPro.Benchmarks.HotPathBenchmarks-report.html

// * Detailed results *
HotPathBenchmarks.ParseSurfaceFlingerLatency: ShortRun(IterationCount=3, LaunchCount=1, WarmupCount=3)
Runtime = .NET 10.0.6 (10.0.626.17701), X64 RyuJIT AVX-512F+CD+BW+DQ+VL+VBMI; GC = Concurrent Workstation
Mean = 49.381 μs, StdErr = 0.385 μs (0.78%), N = 3, StdDev = 0.666 μs
Min = 48.685 μs, Q1 = 49.064 μs, Median = 49.444 μs, Q3 = 49.728 μs, Max = 50.013 μs
IQR = 0.664 μs, LowerFence = 48.069 μs, UpperFence = 50.724 μs
ConfidenceInterval = [37.230 μs; 61.532 μs] (CI 99.9%), Margin = 12.151 μs (24.61% of Mean)
Skewness = -0.09, Kurtosis = 0.67, MValue = 2
-------------------- Histogram --------------------
[48.079 μs ; 49.122 μs) | @
[49.122 μs ; 50.334 μs) | @@
---------------------------------------------------

HotPathBenchmarks.SummarizeFrames: ShortRun(IterationCount=3, LaunchCount=1, WarmupCount=3)
Runtime = .NET 10.0.6 (10.0.626.17701), X64 RyuJIT AVX-512F+CD+BW+DQ+VL+VBMI; GC = Concurrent Workstation
Mean = 71.665 μs, StdErr = 2.206 μs (3.08%), N = 3, StdDev = 3.821 μs
Min = 67.254 μs, Q1 = 70.551 μs, Median = 73.847 μs, Q3 = 73.871 μs, Max = 73.894 μs
IQR = 3.320 μs, LowerFence = 65.570 μs, UpperFence = 78.851 μs
ConfidenceInterval = [1.965 μs; 141.365 μs] (CI 99.9%), Margin = 69.700 μs (97.26% of Mean)
Skewness = -0.38, Kurtosis = 0.67, MValue = 2
-------------------- Histogram --------------------
[67.097 μs ; 74.051 μs) | @@@
---------------------------------------------------

HotPathBenchmarks.ParseCpuPercent: ShortRun(IterationCount=3, LaunchCount=1, WarmupCount=3)
Runtime = .NET 10.0.6 (10.0.626.17701), X64 RyuJIT AVX-512F+CD+BW+DQ+VL+VBMI; GC = Concurrent Workstation
Mean = 472.759 ns, StdErr = 16.794 ns (3.55%), N = 3, StdDev = 29.088 ns
Min = 439.311 ns, Q1 = 463.074 ns, Median = 486.837 ns, Q3 = 489.483 ns, Max = 492.130 ns
IQR = 26.409 ns, LowerFence = 423.460 ns, UpperFence = 529.098 ns
ConfidenceInterval = [-57.906 ns; 1,003.425 ns] (CI 99.9%), Margin = 530.666 ns (112.25% of Mean)
Skewness = -0.37, Kurtosis = 0.67, MValue = 2
-------------------- Histogram --------------------
[439.250 ns ; 492.191 ns) | @@@
---------------------------------------------------

HotPathBenchmarks.ParseMemInfoTotals: ShortRun(IterationCount=3, LaunchCount=1, WarmupCount=3)
Runtime = .NET 10.0.6 (10.0.626.17701), X64 RyuJIT AVX-512F+CD+BW+DQ+VL+VBMI; GC = Concurrent Workstation
Mean = 666.145 ns, StdErr = 17.365 ns (2.61%), N = 3, StdDev = 30.078 ns
Min = 635.030 ns, Q1 = 651.685 ns, Median = 668.340 ns, Q3 = 681.703 ns, Max = 695.065 ns
IQR = 30.018 ns, LowerFence = 606.659 ns, UpperFence = 726.729 ns
ConfidenceInterval = [117.416 ns; 1,214.875 ns] (CI 99.9%), Margin = 548.729 ns (82.37% of Mean)
Skewness = -0.07, Kurtosis = 0.67, MValue = 2
-------------------- Histogram --------------------
[607.658 ns ; 654.331 ns) | @
[654.331 ns ; 709.075 ns) | @@
---------------------------------------------------

HotPathBenchmarks.HashSerial: ShortRun(IterationCount=3, LaunchCount=1, WarmupCount=3)
Runtime = .NET 10.0.6 (10.0.626.17701), X64 RyuJIT AVX-512F+CD+BW+DQ+VL+VBMI; GC = Concurrent Workstation
Mean = 345.209 ns, StdErr = 3.418 ns (0.99%), N = 3, StdDev = 5.921 ns
Min = 340.834 ns, Q1 = 341.840 ns, Median = 342.847 ns, Q3 = 347.397 ns, Max = 351.946 ns
IQR = 5.556 ns, LowerFence = 333.506 ns, UpperFence = 355.731 ns
ConfidenceInterval = [237.190 ns; 453.229 ns] (CI 99.9%), Margin = 108.019 ns (31.29% of Mean)
Skewness = 0.34, Kurtosis = 0.67, MValue = 2
-------------------- Histogram --------------------
[335.445 ns ; 347.229 ns) | @@
[347.229 ns ; 357.335 ns) | @
---------------------------------------------------

// * Summary *

BenchmarkDotNet v0.14.0, Windows 11 (10.0.26200.9168)
11th Gen Intel Core i7-11800H 2.30GHz, 1 CPU, 16 logical and 8 physical cores
.NET SDK 10.0.202
  [Host]   : .NET 10.0.6 (10.0.626.17701), X64 RyuJIT AVX-512F+CD+BW+DQ+VL+VBMI
  ShortRun : .NET 10.0.6 (10.0.626.17701), X64 RyuJIT AVX-512F+CD+BW+DQ+VL+VBMI

Job=ShortRun  IterationCount=3  LaunchCount=1  
WarmupCount=3  

| Method                     | Mean        | Error       | StdDev      | Gen0    | Gen1   | Allocated |
|--------------------------- |------------:|------------:|------------:|--------:|-------:|----------:|
| ParseSurfaceFlingerLatency | 49,380.6 ns | 12,150.9 ns |   666.03 ns | 16.1133 | 3.9673 |  202496 B |
| SummarizeFrames            | 71,665.1 ns | 69,700.3 ns | 3,820.51 ns | 17.2119 | 3.4180 |  217064 B |
| ParseCpuPercent            |    472.8 ns |    530.7 ns |    29.09 ns |  0.0839 |      - |    1056 B |
| ParseMemInfoTotals         |    666.1 ns |    548.7 ns |    30.08 ns |  0.1068 |      - |    1352 B |
| HashSerial                 |    345.2 ns |    108.0 ns |     5.92 ns |  0.0286 |      - |     360 B |

// * Legends *
  Mean      : Arithmetic mean of all measurements
  Error     : Half of 99.9% confidence interval
  StdDev    : Standard deviation of all measurements
  Gen0      : GC Generation 0 collects per 1000 operations
  Gen1      : GC Generation 1 collects per 1000 operations
  Allocated : Allocated memory per single operation (managed only, inclusive, 1KB = 1024B)
  1 ns      : 1 Nanosecond (0.000000001 sec)

// * Diagnostic Output - MemoryDiagnoser *


// ***** BenchmarkRunner: End *****
Run time: 00:00:38 (38.69 sec), executed benchmarks: 5

Global total time: 00:00:51 (51.97 sec), executed benchmarks: 5
// * Artifacts cleanup *
Artifacts cleanup is finished
