// Validating benchmarks:
// ***** BenchmarkRunner: Start   *****
// ***** Found 5 benchmark(s) in total *****
// ***** Building 1 exe(s) in Parallel: Start   *****
// start dotnet  restore /p:UseSharedCompilation=false /p:BuildInParallel=false /m:1 /p:Deterministic=true /p:Optimize=true /p:IntermediateOutputPath="D:\OpenCode\Tooling\QADeviceTool\src\LogPro.Benchmarks\bin\Release\net10.0\e60cad85-f54f-4b7c-9efb-165a5f9ee092\obj\Release\net10.0/" /p:OutDir="D:\OpenCode\Tooling\QADeviceTool\src\LogPro.Benchmarks\bin\Release\net10.0\e60cad85-f54f-4b7c-9efb-165a5f9ee092\bin\Release\net10.0/" /p:OutputPath="D:\OpenCode\Tooling\QADeviceTool\src\LogPro.Benchmarks\bin\Release\net10.0\e60cad85-f54f-4b7c-9efb-165a5f9ee092\bin\Release\net10.0/" in D:\OpenCode\Tooling\QADeviceTool\src\LogPro.Benchmarks\bin\Release\net10.0\e60cad85-f54f-4b7c-9efb-165a5f9ee092
// command took 1.66 sec and exited with 0
// start dotnet  build -c Release --no-restore /p:UseSharedCompilation=false /p:BuildInParallel=false /m:1 /p:Deterministic=true /p:Optimize=true /p:IntermediateOutputPath="D:\OpenCode\Tooling\QADeviceTool\src\LogPro.Benchmarks\bin\Release\net10.0\e60cad85-f54f-4b7c-9efb-165a5f9ee092\obj\Release\net10.0/" /p:OutDir="D:\OpenCode\Tooling\QADeviceTool\src\LogPro.Benchmarks\bin\Release\net10.0\e60cad85-f54f-4b7c-9efb-165a5f9ee092\bin\Release\net10.0/" /p:OutputPath="D:\OpenCode\Tooling\QADeviceTool\src\LogPro.Benchmarks\bin\Release\net10.0\e60cad85-f54f-4b7c-9efb-165a5f9ee092\bin\Release\net10.0/" --output "D:\OpenCode\Tooling\QADeviceTool\src\LogPro.Benchmarks\bin\Release\net10.0\e60cad85-f54f-4b7c-9efb-165a5f9ee092\bin\Release\net10.0/" in D:\OpenCode\Tooling\QADeviceTool\src\LogPro.Benchmarks\bin\Release\net10.0\e60cad85-f54f-4b7c-9efb-165a5f9ee092
// command took 9.91 sec and exited with 0
// ***** Done, took 00:00:11 (11.67 sec)   *****
// Found 5 benchmarks:
//   HotPathBenchmarks.ParseSurfaceFlingerLatency: ShortRun(IterationCount=3, LaunchCount=1, WarmupCount=3)
//   HotPathBenchmarks.SummarizeFrames: ShortRun(IterationCount=3, LaunchCount=1, WarmupCount=3)
//   HotPathBenchmarks.ParseCpuPercent: ShortRun(IterationCount=3, LaunchCount=1, WarmupCount=3)
//   HotPathBenchmarks.ParseMemInfoTotals: ShortRun(IterationCount=3, LaunchCount=1, WarmupCount=3)
//   HotPathBenchmarks.HashSerial: ShortRun(IterationCount=3, LaunchCount=1, WarmupCount=3)

Setup power plan (GUID: 8c5e7fda-e8bf-4a96-9a85-a6e23a8c635c FriendlyName: High performance)
// **************************
// Benchmark: HotPathBenchmarks.ParseSurfaceFlingerLatency: ShortRun(IterationCount=3, LaunchCount=1, WarmupCount=3)
// *** Execute ***
// Launch: 1 / 1
// Execute: dotnet e60cad85-f54f-4b7c-9efb-165a5f9ee092.dll --anonymousPipes 1416 632 --benchmarkName LogPro.Benchmarks.HotPathBenchmarks.ParseSurfaceFlingerLatency --job ShortRun --benchmarkId 0 in D:\OpenCode\Tooling\QADeviceTool\src\LogPro.Benchmarks\bin\Release\net10.0\e60cad85-f54f-4b7c-9efb-165a5f9ee092\bin\Release\net10.0
// BeforeAnythingElse

// Benchmark Process Environment Information:
// BenchmarkDotNet v0.14.0
// Runtime=.NET 10.0.6 (10.0.626.17701), X64 RyuJIT AVX-512F+CD+BW+DQ+VL+VBMI
// GC=Concurrent Workstation
// HardwareIntrinsics=AVX-512F+CD+BW+DQ+VL+VBMI,AES,BMI1,BMI2,FMA,LZCNT,PCLMUL,POPCNT VectorSize=256
// Job: ShortRun(IterationCount=3, LaunchCount=1, WarmupCount=3)

OverheadJitting  1: 1 op, 319600.00 ns, 319.6000 us/op
WorkloadJitting  1: 1 op, 1191200.00 ns, 1.1912 ms/op

OverheadJitting  2: 16 op, 457200.00 ns, 28.5750 us/op
WorkloadJitting  2: 16 op, 2631400.00 ns, 164.4625 us/op

WorkloadPilot    1: 16 op, 2173900.00 ns, 135.8688 us/op
WorkloadPilot    2: 32 op, 3508500.00 ns, 109.6406 us/op
WorkloadPilot    3: 64 op, 11812000.00 ns, 184.5625 us/op
WorkloadPilot    4: 128 op, 13653800.00 ns, 106.6703 us/op
WorkloadPilot    5: 256 op, 25675900.00 ns, 100.2965 us/op
WorkloadPilot    6: 512 op, 43464400.00 ns, 84.8914 us/op
WorkloadPilot    7: 1024 op, 120152800.00 ns, 117.3367 us/op
WorkloadPilot    8: 2048 op, 127074200.00 ns, 62.0479 us/op
WorkloadPilot    9: 4096 op, 251943100.00 ns, 61.5095 us/op
WorkloadPilot   10: 8192 op, 416108500.00 ns, 50.7945 us/op
WorkloadPilot   11: 16384 op, 953042000.00 ns, 58.1691 us/op

OverheadWarmup   1: 16384 op, 58400.00 ns, 3.5645 ns/op
OverheadWarmup   2: 16384 op, 57200.00 ns, 3.4912 ns/op
OverheadWarmup   3: 16384 op, 57000.00 ns, 3.4790 ns/op
OverheadWarmup   4: 16384 op, 57000.00 ns, 3.4790 ns/op
OverheadWarmup   5: 16384 op, 72400.00 ns, 4.4189 ns/op
OverheadWarmup   6: 16384 op, 74200.00 ns, 4.5288 ns/op
OverheadWarmup   7: 16384 op, 57900.00 ns, 3.5339 ns/op
OverheadWarmup   8: 16384 op, 79400.00 ns, 4.8462 ns/op

OverheadActual   1: 16384 op, 56700.00 ns, 3.4607 ns/op
OverheadActual   2: 16384 op, 55800.00 ns, 3.4058 ns/op
OverheadActual   3: 16384 op, 55200.00 ns, 3.3691 ns/op
OverheadActual   4: 16384 op, 55600.00 ns, 3.3936 ns/op
OverheadActual   5: 16384 op, 56400.00 ns, 3.4424 ns/op
OverheadActual   6: 16384 op, 55700.00 ns, 3.3997 ns/op
OverheadActual   7: 16384 op, 55700.00 ns, 3.3997 ns/op
OverheadActual   8: 16384 op, 55600.00 ns, 3.3936 ns/op
OverheadActual   9: 16384 op, 56000.00 ns, 3.4180 ns/op
OverheadActual  10: 16384 op, 55400.00 ns, 3.3813 ns/op
OverheadActual  11: 16384 op, 55400.00 ns, 3.3813 ns/op
OverheadActual  12: 16384 op, 55400.00 ns, 3.3813 ns/op
OverheadActual  13: 16384 op, 55900.00 ns, 3.4119 ns/op
OverheadActual  14: 16384 op, 55600.00 ns, 3.3936 ns/op
OverheadActual  15: 16384 op, 64700.00 ns, 3.9490 ns/op

WorkloadWarmup   1: 16384 op, 1030351000.00 ns, 62.8876 us/op
WorkloadWarmup   2: 16384 op, 1179589100.00 ns, 71.9964 us/op
WorkloadWarmup   3: 16384 op, 949944300.00 ns, 57.9800 us/op

// BeforeActualRun
WorkloadActual   1: 16384 op, 858328200.00 ns, 52.3882 us/op
WorkloadActual   2: 16384 op, 983842000.00 ns, 60.0490 us/op
WorkloadActual   3: 16384 op, 894859900.00 ns, 54.6179 us/op

// AfterActualRun
WorkloadResult   1: 16384 op, 858272500.00 ns, 52.3848 us/op
WorkloadResult   2: 16384 op, 983786300.00 ns, 60.0456 us/op
WorkloadResult   3: 16384 op, 894804200.00 ns, 54.6145 us/op
// GC:  264 65 0 3317695200 16384
// Threading:  0 0 16384

// AfterAll
// Benchmark Process 24944 has exited with code 0.

Mean = 55.682 μs, StdErr = 2.275 μs (4.09%), N = 3, StdDev = 3.940 μs
Min = 52.385 μs, Q1 = 53.500 μs, Median = 54.615 μs, Q3 = 57.330 μs, Max = 60.046 μs
IQR = 3.830 μs, LowerFence = 47.754 μs, UpperFence = 63.076 μs
ConfidenceInterval = [-16.204 μs; 127.567 μs] (CI 99.9%), Margin = 71.885 μs (129.10% of Mean)
Skewness = 0.25, Kurtosis = 0.67, MValue = 2

// ** Remained 4 (80.0%) benchmark(s) to run. Estimated finish 2026-08-26 11:21 (0h 0m from now) **
Setup power plan (GUID: 8c5e7fda-e8bf-4a96-9a85-a6e23a8c635c FriendlyName: High performance)
// **************************
// Benchmark: HotPathBenchmarks.SummarizeFrames: ShortRun(IterationCount=3, LaunchCount=1, WarmupCount=3)
// *** Execute ***
// Launch: 1 / 1
// Execute: dotnet e60cad85-f54f-4b7c-9efb-165a5f9ee092.dll --anonymousPipes 2036 1984 --benchmarkName LogPro.Benchmarks.HotPathBenchmarks.SummarizeFrames --job ShortRun --benchmarkId 1 in D:\OpenCode\Tooling\QADeviceTool\src\LogPro.Benchmarks\bin\Release\net10.0\e60cad85-f54f-4b7c-9efb-165a5f9ee092\bin\Release\net10.0
// BeforeAnythingElse

// Benchmark Process Environment Information:
// BenchmarkDotNet v0.14.0
// Runtime=.NET 10.0.6 (10.0.626.17701), X64 RyuJIT AVX-512F+CD+BW+DQ+VL+VBMI
// GC=Concurrent Workstation
// HardwareIntrinsics=AVX-512F+CD+BW+DQ+VL+VBMI,AES,BMI1,BMI2,FMA,LZCNT,PCLMUL,POPCNT VectorSize=256
// Job: ShortRun(IterationCount=3, LaunchCount=1, WarmupCount=3)

OverheadJitting  1: 1 op, 276700.00 ns, 276.7000 us/op
WorkloadJitting  1: 1 op, 8919500.00 ns, 8.9195 ms/op

OverheadJitting  2: 16 op, 219500.00 ns, 13.7188 us/op
WorkloadJitting  2: 16 op, 3635900.00 ns, 227.2438 us/op

WorkloadPilot    1: 16 op, 4066900.00 ns, 254.1813 us/op
WorkloadPilot    2: 32 op, 6865700.00 ns, 214.5531 us/op
WorkloadPilot    3: 64 op, 14647100.00 ns, 228.8609 us/op
WorkloadPilot    4: 128 op, 24236800.00 ns, 189.3500 us/op
WorkloadPilot    5: 256 op, 46789800.00 ns, 182.7727 us/op
WorkloadPilot    6: 512 op, 83937500.00 ns, 163.9404 us/op
WorkloadPilot    7: 1024 op, 175218200.00 ns, 171.1115 us/op
WorkloadPilot    8: 2048 op, 150133800.00 ns, 73.3075 us/op
WorkloadPilot    9: 4096 op, 283329100.00 ns, 69.1721 us/op
WorkloadPilot   10: 8192 op, 548446400.00 ns, 66.9490 us/op

OverheadWarmup   1: 8192 op, 17400.00 ns, 2.1240 ns/op
OverheadWarmup   2: 8192 op, 16300.00 ns, 1.9897 ns/op
OverheadWarmup   3: 8192 op, 16300.00 ns, 1.9897 ns/op
OverheadWarmup   4: 8192 op, 16400.00 ns, 2.0020 ns/op
OverheadWarmup   5: 8192 op, 16300.00 ns, 1.9897 ns/op
OverheadWarmup   6: 8192 op, 16700.00 ns, 2.0386 ns/op

OverheadActual   1: 8192 op, 16800.00 ns, 2.0508 ns/op
OverheadActual   2: 8192 op, 16900.00 ns, 2.0630 ns/op
OverheadActual   3: 8192 op, 16900.00 ns, 2.0630 ns/op
OverheadActual   4: 8192 op, 16000.00 ns, 1.9531 ns/op
OverheadActual   5: 8192 op, 16000.00 ns, 1.9531 ns/op
OverheadActual   6: 8192 op, 16000.00 ns, 1.9531 ns/op
OverheadActual   7: 8192 op, 16000.00 ns, 1.9531 ns/op
OverheadActual   8: 8192 op, 15900.00 ns, 1.9409 ns/op
OverheadActual   9: 8192 op, 15800.00 ns, 1.9287 ns/op
OverheadActual  10: 8192 op, 15500.00 ns, 1.8921 ns/op
OverheadActual  11: 8192 op, 15800.00 ns, 1.9287 ns/op
OverheadActual  12: 8192 op, 15400.00 ns, 1.8799 ns/op
OverheadActual  13: 8192 op, 15200.00 ns, 1.8555 ns/op
OverheadActual  14: 8192 op, 15200.00 ns, 1.8555 ns/op
OverheadActual  15: 8192 op, 15200.00 ns, 1.8555 ns/op

WorkloadWarmup   1: 8192 op, 632760800.00 ns, 77.2413 us/op
WorkloadWarmup   2: 8192 op, 611941800.00 ns, 74.6999 us/op
WorkloadWarmup   3: 8192 op, 609528900.00 ns, 74.4054 us/op

// BeforeActualRun
WorkloadActual   1: 8192 op, 558855800.00 ns, 68.2197 us/op
WorkloadActual   2: 8192 op, 549673300.00 ns, 67.0988 us/op
WorkloadActual   3: 8192 op, 546666400.00 ns, 66.7317 us/op

// AfterActualRun
WorkloadResult   1: 8192 op, 558839900.00 ns, 68.2178 us/op
WorkloadResult   2: 8192 op, 549657400.00 ns, 67.0969 us/op
WorkloadResult   3: 8192 op, 546650500.00 ns, 66.7298 us/op
// GC:  141 28 0 1778189360 8192
// Threading:  0 0 8192

// AfterAll
// Benchmark Process 9124 has exited with code 0.

Mean = 67.348 μs, StdErr = 0.448 μs (0.66%), N = 3, StdDev = 0.775 μs
Min = 66.730 μs, Q1 = 66.913 μs, Median = 67.097 μs, Q3 = 67.657 μs, Max = 68.218 μs
IQR = 0.744 μs, LowerFence = 65.797 μs, UpperFence = 68.773 μs
ConfidenceInterval = [53.206 μs; 81.490 μs] (CI 99.9%), Margin = 14.142 μs (21.00% of Mean)
Skewness = 0.29, Kurtosis = 0.67, MValue = 2

// ** Remained 3 (60.0%) benchmark(s) to run. Estimated finish 2026-08-26 11:21 (0h 0m from now) **
Setup power plan (GUID: 8c5e7fda-e8bf-4a96-9a85-a6e23a8c635c FriendlyName: High performance)
// **************************
// Benchmark: HotPathBenchmarks.ParseCpuPercent: ShortRun(IterationCount=3, LaunchCount=1, WarmupCount=3)
// *** Execute ***
// Launch: 1 / 1
// Execute: dotnet e60cad85-f54f-4b7c-9efb-165a5f9ee092.dll --anonymousPipes 2052 1232 --benchmarkName LogPro.Benchmarks.HotPathBenchmarks.ParseCpuPercent --job ShortRun --benchmarkId 2 in D:\OpenCode\Tooling\QADeviceTool\src\LogPro.Benchmarks\bin\Release\net10.0\e60cad85-f54f-4b7c-9efb-165a5f9ee092\bin\Release\net10.0
// BeforeAnythingElse

// Benchmark Process Environment Information:
// BenchmarkDotNet v0.14.0
// Runtime=.NET 10.0.6 (10.0.626.17701), X64 RyuJIT AVX-512F+CD+BW+DQ+VL+VBMI
// GC=Concurrent Workstation
// HardwareIntrinsics=AVX-512F+CD+BW+DQ+VL+VBMI,AES,BMI1,BMI2,FMA,LZCNT,PCLMUL,POPCNT VectorSize=256
// Job: ShortRun(IterationCount=3, LaunchCount=1, WarmupCount=3)

OverheadJitting  1: 1 op, 364200.00 ns, 364.2000 us/op
WorkloadJitting  1: 1 op, 13395400.00 ns, 13.3954 ms/op

OverheadJitting  2: 16 op, 214700.00 ns, 13.4188 us/op
WorkloadJitting  2: 16 op, 256000.00 ns, 16.0000 us/op

WorkloadPilot    1: 16 op, 35200.00 ns, 2.2000 us/op
WorkloadPilot    2: 32 op, 48900.00 ns, 1.5281 us/op
WorkloadPilot    3: 64 op, 73800.00 ns, 1.1531 us/op
WorkloadPilot    4: 128 op, 152800.00 ns, 1.1938 us/op
WorkloadPilot    5: 256 op, 271500.00 ns, 1.0605 us/op
WorkloadPilot    6: 512 op, 444900.00 ns, 868.9453 ns/op
WorkloadPilot    7: 1024 op, 1026400.00 ns, 1.0023 us/op
WorkloadPilot    8: 2048 op, 2015000.00 ns, 983.8867 ns/op
WorkloadPilot    9: 4096 op, 3945400.00 ns, 963.2324 ns/op
WorkloadPilot   10: 8192 op, 8072200.00 ns, 985.3760 ns/op
WorkloadPilot   11: 16384 op, 16377600.00 ns, 999.6094 ns/op
WorkloadPilot   12: 32768 op, 32452900.00 ns, 990.3839 ns/op
WorkloadPilot   13: 65536 op, 57980200.00 ns, 884.7076 ns/op
WorkloadPilot   14: 131072 op, 118279600.00 ns, 902.4017 ns/op
WorkloadPilot   15: 262144 op, 247205500.00 ns, 943.0141 ns/op
WorkloadPilot   16: 524288 op, 271344300.00 ns, 517.5482 ns/op
WorkloadPilot   17: 1048576 op, 563939200.00 ns, 537.8143 ns/op

OverheadWarmup   1: 1048576 op, 2030000.00 ns, 1.9360 ns/op
OverheadWarmup   2: 1048576 op, 2283700.00 ns, 2.1779 ns/op
OverheadWarmup   3: 1048576 op, 1892000.00 ns, 1.8044 ns/op
OverheadWarmup   4: 1048576 op, 1852700.00 ns, 1.7669 ns/op
OverheadWarmup   5: 1048576 op, 1909400.00 ns, 1.8209 ns/op
OverheadWarmup   6: 1048576 op, 1909200.00 ns, 1.8208 ns/op

OverheadActual   1: 1048576 op, 1951200.00 ns, 1.8608 ns/op
OverheadActual   2: 1048576 op, 2057100.00 ns, 1.9618 ns/op
OverheadActual   3: 1048576 op, 2109500.00 ns, 2.0118 ns/op
OverheadActual   4: 1048576 op, 2629800.00 ns, 2.5080 ns/op
OverheadActual   5: 1048576 op, 2016300.00 ns, 1.9229 ns/op
OverheadActual   6: 1048576 op, 2006900.00 ns, 1.9139 ns/op
OverheadActual   7: 1048576 op, 1884600.00 ns, 1.7973 ns/op
OverheadActual   8: 1048576 op, 1777400.00 ns, 1.6951 ns/op
OverheadActual   9: 1048576 op, 1870500.00 ns, 1.7838 ns/op
OverheadActual  10: 1048576 op, 1868000.00 ns, 1.7815 ns/op
OverheadActual  11: 1048576 op, 1887400.00 ns, 1.8000 ns/op
OverheadActual  12: 1048576 op, 1802700.00 ns, 1.7192 ns/op
OverheadActual  13: 1048576 op, 1779200.00 ns, 1.6968 ns/op
OverheadActual  14: 1048576 op, 1849000.00 ns, 1.7633 ns/op
OverheadActual  15: 1048576 op, 1955100.00 ns, 1.8645 ns/op
OverheadActual  16: 1048576 op, 1843200.00 ns, 1.7578 ns/op
OverheadActual  17: 1048576 op, 1924700.00 ns, 1.8355 ns/op
OverheadActual  18: 1048576 op, 2106600.00 ns, 2.0090 ns/op
OverheadActual  19: 1048576 op, 2167900.00 ns, 2.0675 ns/op
OverheadActual  20: 1048576 op, 2157000.00 ns, 2.0571 ns/op

WorkloadWarmup   1: 1048576 op, 548483400.00 ns, 523.0745 ns/op
WorkloadWarmup   2: 1048576 op, 526033900.00 ns, 501.6650 ns/op
WorkloadWarmup   3: 1048576 op, 488113100.00 ns, 465.5009 ns/op

// BeforeActualRun
WorkloadActual   1: 1048576 op, 464409600.00 ns, 442.8955 ns/op
WorkloadActual   2: 1048576 op, 522597300.00 ns, 498.3876 ns/op
WorkloadActual   3: 1048576 op, 513432600.00 ns, 489.6475 ns/op

// AfterActualRun
WorkloadResult   1: 1048576 op, 462471650.00 ns, 441.0473 ns/op
WorkloadResult   2: 1048576 op, 520659350.00 ns, 496.5394 ns/op
WorkloadResult   3: 1048576 op, 511494650.00 ns, 487.7993 ns/op
// GC:  88 0 0 1107296656 1048576
// Threading:  0 0 1048576

// AfterAll
// Benchmark Process 6864 has exited with code 0.

Mean = 475.129 ns, StdErr = 17.226 ns (3.63%), N = 3, StdDev = 29.837 ns
Min = 441.047 ns, Q1 = 464.423 ns, Median = 487.799 ns, Q3 = 492.169 ns, Max = 496.539 ns
IQR = 27.746 ns, LowerFence = 422.804 ns, UpperFence = 533.788 ns
ConfidenceInterval = [-69.211 ns; 1,019.468 ns] (CI 99.9%), Margin = 544.340 ns (114.57% of Mean)
Skewness = -0.35, Kurtosis = 0.67, MValue = 2

// ** Remained 2 (40.0%) benchmark(s) to run. Estimated finish 2026-08-26 11:21 (0h 0m from now) **
Setup power plan (GUID: 8c5e7fda-e8bf-4a96-9a85-a6e23a8c635c FriendlyName: High performance)
// **************************
// Benchmark: HotPathBenchmarks.ParseMemInfoTotals: ShortRun(IterationCount=3, LaunchCount=1, WarmupCount=3)
// *** Execute ***
// Launch: 1 / 1
// Execute: dotnet e60cad85-f54f-4b7c-9efb-165a5f9ee092.dll --anonymousPipes 2088 2084 --benchmarkName LogPro.Benchmarks.HotPathBenchmarks.ParseMemInfoTotals --job ShortRun --benchmarkId 3 in D:\OpenCode\Tooling\QADeviceTool\src\LogPro.Benchmarks\bin\Release\net10.0\e60cad85-f54f-4b7c-9efb-165a5f9ee092\bin\Release\net10.0
// BeforeAnythingElse

// Benchmark Process Environment Information:
// BenchmarkDotNet v0.14.0
// Runtime=.NET 10.0.6 (10.0.626.17701), X64 RyuJIT AVX-512F+CD+BW+DQ+VL+VBMI
// GC=Concurrent Workstation
// HardwareIntrinsics=AVX-512F+CD+BW+DQ+VL+VBMI,AES,BMI1,BMI2,FMA,LZCNT,PCLMUL,POPCNT VectorSize=256
// Job: ShortRun(IterationCount=3, LaunchCount=1, WarmupCount=3)

OverheadJitting  1: 1 op, 342200.00 ns, 342.2000 us/op
WorkloadJitting  1: 1 op, 8530000.00 ns, 8.5300 ms/op

OverheadJitting  2: 16 op, 202200.00 ns, 12.6375 us/op
WorkloadJitting  2: 16 op, 246400.00 ns, 15.4000 us/op

WorkloadPilot    1: 16 op, 32100.00 ns, 2.0063 us/op
WorkloadPilot    2: 32 op, 55000.00 ns, 1.7188 us/op
WorkloadPilot    3: 64 op, 105600.00 ns, 1.6500 us/op
WorkloadPilot    4: 128 op, 206900.00 ns, 1.6164 us/op
WorkloadPilot    5: 256 op, 379200.00 ns, 1.4813 us/op
WorkloadPilot    6: 512 op, 701300.00 ns, 1.3697 us/op
WorkloadPilot    7: 1024 op, 1386600.00 ns, 1.3541 us/op
WorkloadPilot    8: 2048 op, 3201900.00 ns, 1.5634 us/op
WorkloadPilot    9: 4096 op, 6583900.00 ns, 1.6074 us/op
WorkloadPilot   10: 8192 op, 14583200.00 ns, 1.7802 us/op
WorkloadPilot   11: 16384 op, 28214500.00 ns, 1.7221 us/op
WorkloadPilot   12: 32768 op, 43709900.00 ns, 1.3339 us/op
WorkloadPilot   13: 65536 op, 99861700.00 ns, 1.5238 us/op
WorkloadPilot   14: 131072 op, 238877300.00 ns, 1.8225 us/op
WorkloadPilot   15: 262144 op, 189485300.00 ns, 722.8291 ns/op
WorkloadPilot   16: 524288 op, 348317800.00 ns, 664.3635 ns/op
WorkloadPilot   17: 1048576 op, 717184500.00 ns, 683.9604 ns/op

OverheadWarmup   1: 1048576 op, 2060400.00 ns, 1.9650 ns/op
OverheadWarmup   2: 1048576 op, 2080500.00 ns, 1.9841 ns/op
OverheadWarmup   3: 1048576 op, 2676000.00 ns, 2.5520 ns/op
OverheadWarmup   4: 1048576 op, 2031600.00 ns, 1.9375 ns/op
OverheadWarmup   5: 1048576 op, 2425500.00 ns, 2.3131 ns/op
OverheadWarmup   6: 1048576 op, 2000300.00 ns, 1.9076 ns/op

OverheadActual   1: 1048576 op, 1950600.00 ns, 1.8602 ns/op
OverheadActual   2: 1048576 op, 1946600.00 ns, 1.8564 ns/op
OverheadActual   3: 1048576 op, 1951400.00 ns, 1.8610 ns/op
OverheadActual   4: 1048576 op, 1957800.00 ns, 1.8671 ns/op
OverheadActual   5: 1048576 op, 1899900.00 ns, 1.8119 ns/op
OverheadActual   6: 1048576 op, 1853200.00 ns, 1.7673 ns/op
OverheadActual   7: 1048576 op, 1813700.00 ns, 1.7297 ns/op
OverheadActual   8: 1048576 op, 1830600.00 ns, 1.7458 ns/op
OverheadActual   9: 1048576 op, 1812100.00 ns, 1.7282 ns/op
OverheadActual  10: 1048576 op, 1810200.00 ns, 1.7263 ns/op
OverheadActual  11: 1048576 op, 1916100.00 ns, 1.8273 ns/op
OverheadActual  12: 1048576 op, 1867300.00 ns, 1.7808 ns/op
OverheadActual  13: 1048576 op, 1857600.00 ns, 1.7715 ns/op
OverheadActual  14: 1048576 op, 1855200.00 ns, 1.7693 ns/op
OverheadActual  15: 1048576 op, 1836600.00 ns, 1.7515 ns/op

WorkloadWarmup   1: 1048576 op, 660601100.00 ns, 629.9983 ns/op
WorkloadWarmup   2: 1048576 op, 861216600.00 ns, 821.3202 ns/op
WorkloadWarmup   3: 1048576 op, 737583200.00 ns, 703.4142 ns/op

// BeforeActualRun
WorkloadActual   1: 1048576 op, 644308200.00 ns, 614.4602 ns/op
WorkloadActual   2: 1048576 op, 735271200.00 ns, 701.2093 ns/op
WorkloadActual   3: 1048576 op, 655113000.00 ns, 624.7644 ns/op

// AfterActualRun
WorkloadResult   1: 1048576 op, 642450600.00 ns, 612.6886 ns/op
WorkloadResult   2: 1048576 op, 733413600.00 ns, 699.4377 ns/op
WorkloadResult   3: 1048576 op, 653255400.00 ns, 622.9929 ns/op
// GC:  112 0 0 1417675152 1048576
// Threading:  0 0 1048576

// AfterAll
// Benchmark Process 3308 has exited with code 0.

Mean = 645.040 ns, StdErr = 27.361 ns (4.24%), N = 3, StdDev = 47.391 ns
Min = 612.689 ns, Q1 = 617.841 ns, Median = 622.993 ns, Q3 = 661.215 ns, Max = 699.438 ns
IQR = 43.375 ns, LowerFence = 552.779 ns, UpperFence = 726.277 ns
ConfidenceInterval = [-219.547 ns; 1,509.626 ns] (CI 99.9%), Margin = 864.587 ns (134.04% of Mean)
Skewness = 0.36, Kurtosis = 0.67, MValue = 2

// ** Remained 1 (20.0%) benchmark(s) to run. Estimated finish 2026-08-26 11:21 (0h 0m from now) **
Setup power plan (GUID: 8c5e7fda-e8bf-4a96-9a85-a6e23a8c635c FriendlyName: High performance)
// **************************
// Benchmark: HotPathBenchmarks.HashSerial: ShortRun(IterationCount=3, LaunchCount=1, WarmupCount=3)
// *** Execute ***
// Launch: 1 / 1
// Execute: dotnet e60cad85-f54f-4b7c-9efb-165a5f9ee092.dll --anonymousPipes 1984 1248 --benchmarkName LogPro.Benchmarks.HotPathBenchmarks.HashSerial --job ShortRun --benchmarkId 4 in D:\OpenCode\Tooling\QADeviceTool\src\LogPro.Benchmarks\bin\Release\net10.0\e60cad85-f54f-4b7c-9efb-165a5f9ee092\bin\Release\net10.0
// BeforeAnythingElse

// Benchmark Process Environment Information:
// BenchmarkDotNet v0.14.0
// Runtime=.NET 10.0.6 (10.0.626.17701), X64 RyuJIT AVX-512F+CD+BW+DQ+VL+VBMI
// GC=Concurrent Workstation
// HardwareIntrinsics=AVX-512F+CD+BW+DQ+VL+VBMI,AES,BMI1,BMI2,FMA,LZCNT,PCLMUL,POPCNT VectorSize=256
// Job: ShortRun(IterationCount=3, LaunchCount=1, WarmupCount=3)

OverheadJitting  1: 1 op, 255100.00 ns, 255.1000 us/op
WorkloadJitting  1: 1 op, 10930200.00 ns, 10.9302 ms/op

OverheadJitting  2: 16 op, 380700.00 ns, 23.7938 us/op
WorkloadJitting  2: 16 op, 413800.00 ns, 25.8625 us/op

WorkloadPilot    1: 16 op, 19600.00 ns, 1.2250 us/op
WorkloadPilot    2: 32 op, 29600.00 ns, 925.0000 ns/op
WorkloadPilot    3: 64 op, 46600.00 ns, 728.1250 ns/op
WorkloadPilot    4: 128 op, 90800.00 ns, 709.3750 ns/op
WorkloadPilot    5: 256 op, 187400.00 ns, 732.0313 ns/op
WorkloadPilot    6: 512 op, 372400.00 ns, 727.3438 ns/op
WorkloadPilot    7: 1024 op, 812600.00 ns, 793.5547 ns/op
WorkloadPilot    8: 2048 op, 1585900.00 ns, 774.3652 ns/op
WorkloadPilot    9: 4096 op, 2825700.00 ns, 689.8682 ns/op
WorkloadPilot   10: 8192 op, 5721300.00 ns, 698.4009 ns/op
WorkloadPilot   11: 16384 op, 11856800.00 ns, 723.6816 ns/op
WorkloadPilot   12: 32768 op, 23869600.00 ns, 728.4424 ns/op
WorkloadPilot   13: 65536 op, 45225200.00 ns, 690.0818 ns/op
WorkloadPilot   14: 131072 op, 79028500.00 ns, 602.9396 ns/op
WorkloadPilot   15: 262144 op, 114975000.00 ns, 438.5948 ns/op
WorkloadPilot   16: 524288 op, 171376000.00 ns, 326.8738 ns/op
WorkloadPilot   17: 1048576 op, 365515400.00 ns, 348.5826 ns/op
WorkloadPilot   18: 2097152 op, 645363400.00 ns, 307.7332 ns/op

OverheadWarmup   1: 2097152 op, 6405000.00 ns, 3.0541 ns/op
OverheadWarmup   2: 2097152 op, 6271800.00 ns, 2.9906 ns/op
OverheadWarmup   3: 2097152 op, 6293700.00 ns, 3.0011 ns/op
OverheadWarmup   4: 2097152 op, 6353700.00 ns, 3.0297 ns/op
OverheadWarmup   5: 2097152 op, 6597400.00 ns, 3.1459 ns/op
OverheadWarmup   6: 2097152 op, 6672600.00 ns, 3.1817 ns/op
OverheadWarmup   7: 2097152 op, 6815600.00 ns, 3.2499 ns/op
OverheadWarmup   8: 2097152 op, 8453300.00 ns, 4.0308 ns/op
OverheadWarmup   9: 2097152 op, 7802000.00 ns, 3.7203 ns/op
OverheadWarmup  10: 2097152 op, 7655100.00 ns, 3.6502 ns/op

OverheadActual   1: 2097152 op, 7196400.00 ns, 3.4315 ns/op
OverheadActual   2: 2097152 op, 6590600.00 ns, 3.1426 ns/op
OverheadActual   3: 2097152 op, 6396000.00 ns, 3.0499 ns/op
OverheadActual   4: 2097152 op, 6315900.00 ns, 3.0117 ns/op
OverheadActual   5: 2097152 op, 6270200.00 ns, 2.9899 ns/op
OverheadActual   6: 2097152 op, 6759200.00 ns, 3.2230 ns/op
OverheadActual   7: 2097152 op, 6750600.00 ns, 3.2189 ns/op
OverheadActual   8: 2097152 op, 6787800.00 ns, 3.2367 ns/op
OverheadActual   9: 2097152 op, 6624800.00 ns, 3.1590 ns/op
OverheadActual  10: 2097152 op, 6679100.00 ns, 3.1848 ns/op
OverheadActual  11: 2097152 op, 6761900.00 ns, 3.2243 ns/op
OverheadActual  12: 2097152 op, 7799700.00 ns, 3.7192 ns/op
OverheadActual  13: 2097152 op, 7250300.00 ns, 3.4572 ns/op
OverheadActual  14: 2097152 op, 6855800.00 ns, 3.2691 ns/op
OverheadActual  15: 2097152 op, 6983500.00 ns, 3.3300 ns/op

WorkloadWarmup   1: 2097152 op, 750815800.00 ns, 358.0169 ns/op
WorkloadWarmup   2: 2097152 op, 731891100.00 ns, 348.9929 ns/op
WorkloadWarmup   3: 2097152 op, 732501300.00 ns, 349.2838 ns/op

// BeforeActualRun
WorkloadActual   1: 2097152 op, 698695300.00 ns, 333.1639 ns/op
WorkloadActual   2: 2097152 op, 699916400.00 ns, 333.7461 ns/op
WorkloadActual   3: 2097152 op, 770328900.00 ns, 367.3214 ns/op

// AfterActualRun
WorkloadResult   1: 2097152 op, 691936100.00 ns, 329.9408 ns/op
WorkloadResult   2: 2097152 op, 693157200.00 ns, 330.5231 ns/op
WorkloadResult   3: 2097152 op, 763569700.00 ns, 364.0984 ns/op
// GC:  60 0 0 754975120 2097152
// Threading:  0 0 2097152

// AfterAll
// Benchmark Process 26176 has exited with code 0.

Mean = 341.521 ns, StdErr = 11.290 ns (3.31%), N = 3, StdDev = 19.555 ns
Min = 329.941 ns, Q1 = 330.232 ns, Median = 330.523 ns, Q3 = 347.311 ns, Max = 364.098 ns
IQR = 17.079 ns, LowerFence = 304.614 ns, UpperFence = 372.929 ns
ConfidenceInterval = [-15.234 ns; 698.276 ns] (CI 99.9%), Margin = 356.755 ns (104.46% of Mean)
Skewness = 0.38, Kurtosis = 0.67, MValue = 2

// ** Remained 0 (0.0%) benchmark(s) to run. Estimated finish 2026-08-26 11:21 (0h 0m from now) **
Successfully reverted power plan (GUID: 8c5e7fda-e8bf-4a96-9a85-a6e23a8c635c FriendlyName: High performance)
// ***** BenchmarkRunner: Finish  *****

// * Export *
  BenchmarkDotNet.Artifacts\results\LogPro.Benchmarks.HotPathBenchmarks-report.csv
  BenchmarkDotNet.Artifacts\results\LogPro.Benchmarks.HotPathBenchmarks-report-github.md
  BenchmarkDotNet.Artifacts\results\LogPro.Benchmarks.HotPathBenchmarks-report.html

// * Detailed results *
HotPathBenchmarks.ParseSurfaceFlingerLatency: ShortRun(IterationCount=3, LaunchCount=1, WarmupCount=3)
Runtime = .NET 10.0.6 (10.0.626.17701), X64 RyuJIT AVX-512F+CD+BW+DQ+VL+VBMI; GC = Concurrent Workstation
Mean = 55.682 μs, StdErr = 2.275 μs (4.09%), N = 3, StdDev = 3.940 μs
Min = 52.385 μs, Q1 = 53.500 μs, Median = 54.615 μs, Q3 = 57.330 μs, Max = 60.046 μs
IQR = 3.830 μs, LowerFence = 47.754 μs, UpperFence = 63.076 μs
ConfidenceInterval = [-16.204 μs; 127.567 μs] (CI 99.9%), Margin = 71.885 μs (129.10% of Mean)
Skewness = 0.25, Kurtosis = 0.67, MValue = 2
-------------------- Histogram --------------------
[49.914 μs ; 57.085 μs) | @@
[57.085 μs ; 63.631 μs) | @
---------------------------------------------------

HotPathBenchmarks.SummarizeFrames: ShortRun(IterationCount=3, LaunchCount=1, WarmupCount=3)
Runtime = .NET 10.0.6 (10.0.626.17701), X64 RyuJIT AVX-512F+CD+BW+DQ+VL+VBMI; GC = Concurrent Workstation
Mean = 67.348 μs, StdErr = 0.448 μs (0.66%), N = 3, StdDev = 0.775 μs
Min = 66.730 μs, Q1 = 66.913 μs, Median = 67.097 μs, Q3 = 67.657 μs, Max = 68.218 μs
IQR = 0.744 μs, LowerFence = 65.797 μs, UpperFence = 68.773 μs
ConfidenceInterval = [53.206 μs; 81.490 μs] (CI 99.9%), Margin = 14.142 μs (21.00% of Mean)
Skewness = 0.29, Kurtosis = 0.67, MValue = 2
-------------------- Histogram --------------------
[66.208 μs ; 68.923 μs) | @@@
---------------------------------------------------

HotPathBenchmarks.ParseCpuPercent: ShortRun(IterationCount=3, LaunchCount=1, WarmupCount=3)
Runtime = .NET 10.0.6 (10.0.626.17701), X64 RyuJIT AVX-512F+CD+BW+DQ+VL+VBMI; GC = Concurrent Workstation
Mean = 475.129 ns, StdErr = 17.226 ns (3.63%), N = 3, StdDev = 29.837 ns
Min = 441.047 ns, Q1 = 464.423 ns, Median = 487.799 ns, Q3 = 492.169 ns, Max = 496.539 ns
IQR = 27.746 ns, LowerFence = 422.804 ns, UpperFence = 533.788 ns
ConfidenceInterval = [-69.211 ns; 1,019.468 ns] (CI 99.9%), Margin = 544.340 ns (114.57% of Mean)
Skewness = -0.35, Kurtosis = 0.67, MValue = 2
-------------------- Histogram --------------------
[413.894 ns ; 465.017 ns) | @
[465.017 ns ; 523.692 ns) | @@
---------------------------------------------------

HotPathBenchmarks.ParseMemInfoTotals: ShortRun(IterationCount=3, LaunchCount=1, WarmupCount=3)
Runtime = .NET 10.0.6 (10.0.626.17701), X64 RyuJIT AVX-512F+CD+BW+DQ+VL+VBMI; GC = Concurrent Workstation
Mean = 645.040 ns, StdErr = 27.361 ns (4.24%), N = 3, StdDev = 47.391 ns
Min = 612.689 ns, Q1 = 617.841 ns, Median = 622.993 ns, Q3 = 661.215 ns, Max = 699.438 ns
IQR = 43.375 ns, LowerFence = 552.779 ns, UpperFence = 726.277 ns
ConfidenceInterval = [-219.547 ns; 1,509.626 ns] (CI 99.9%), Margin = 864.587 ns (134.04% of Mean)
Skewness = 0.36, Kurtosis = 0.67, MValue = 2
-------------------- Histogram --------------------
[569.561 ns ; 660.968 ns) | @@
[660.968 ns ; 742.565 ns) | @
---------------------------------------------------

HotPathBenchmarks.HashSerial: ShortRun(IterationCount=3, LaunchCount=1, WarmupCount=3)
Runtime = .NET 10.0.6 (10.0.626.17701), X64 RyuJIT AVX-512F+CD+BW+DQ+VL+VBMI; GC = Concurrent Workstation
Mean = 341.521 ns, StdErr = 11.290 ns (3.31%), N = 3, StdDev = 19.555 ns
Min = 329.941 ns, Q1 = 330.232 ns, Median = 330.523 ns, Q3 = 347.311 ns, Max = 364.098 ns
IQR = 17.079 ns, LowerFence = 304.614 ns, UpperFence = 372.929 ns
ConfidenceInterval = [-15.234 ns; 698.276 ns] (CI 99.9%), Margin = 356.755 ns (104.46% of Mean)
Skewness = 0.38, Kurtosis = 0.67, MValue = 2
-------------------- Histogram --------------------
[329.224 ns ; 364.815 ns) | @@@
---------------------------------------------------

// * Summary *

BenchmarkDotNet v0.14.0, Windows 11 (10.0.26200.9168)
11th Gen Intel Core i7-11800H 2.30GHz, 1 CPU, 16 logical and 8 physical cores
.NET SDK 10.0.202
  [Host]   : .NET 10.0.6 (10.0.626.17701), X64 RyuJIT AVX-512F+CD+BW+DQ+VL+VBMI
  ShortRun : .NET 10.0.6 (10.0.626.17701), X64 RyuJIT AVX-512F+CD+BW+DQ+VL+VBMI

Job=ShortRun  IterationCount=3  LaunchCount=1  
WarmupCount=3  

| Method                     | Mean        | Error       | StdDev      | Gen0    | Gen1   | Allocated |
|--------------------------- |------------:|------------:|------------:|--------:|-------:|----------:|
| ParseSurfaceFlingerLatency | 55,681.6 ns | 71,885.4 ns | 3,940.28 ns | 16.1133 | 3.9673 |  202496 B |
| SummarizeFrames            | 67,348.1 ns | 14,141.7 ns |   775.16 ns | 17.2119 | 3.4180 |  217064 B |
| ParseCpuPercent            |    475.1 ns |    544.3 ns |    29.84 ns |  0.0839 |      - |    1056 B |
| ParseMemInfoTotals         |    645.0 ns |    864.6 ns |    47.39 ns |  0.1068 |      - |    1352 B |
| HashSerial                 |    341.5 ns |    356.8 ns |    19.55 ns |  0.0286 |      - |     360 B |

// * Legends *
  Mean      : Arithmetic mean of all measurements
  Error     : Half of 99.9% confidence interval
  StdDev    : Standard deviation of all measurements
  Gen0      : GC Generation 0 collects per 1000 operations
  Gen1      : GC Generation 1 collects per 1000 operations
  Allocated : Allocated memory per single operation (managed only, inclusive, 1KB = 1024B)
  1 ns      : 1 Nanosecond (0.000000001 sec)

// * Diagnostic Output - MemoryDiagnoser *


// ***** BenchmarkRunner: End *****
Run time: 00:00:35 (35.27 sec), executed benchmarks: 5

Global total time: 00:00:47 (47.28 sec), executed benchmarks: 5
// * Artifacts cleanup *
Artifacts cleanup is finished
